Component: Arm Compiler for Embedded 6.21 Tool: armlink [5ec1fa00]

==============================================================================

Section Cross References

    startup.o(RESET) refers to startup.o(STACK) for StackMem
    startup.o(RESET) refers to osasm.o(.text) for SVC_Handler
    startup.o(RESET) refers to os.o(.text.SysTick_Handler) for SysTick_Handler
    startup.o(RESET) refers to uart0int.o(.text.UART0_Handler) for UART0_Handler
    startup.o(RESET) refers to timer1a.o(.text.Timer1A_Handler) for Timer1A_Handler
    startup.o(RESET) refers to timer2a.o(.text.Timer2A_Handler) for Timer2A_Handler
    startup.o(RESET) refers to os.o(.text.GPIOPortF_Handler) for GPIOPortF_Handler
    startup.o(RESET) refers to timer5a.o(.text.Timer5A_Handler) for Timer5A_Handler
    startup.o(RESET) refers to wtimer0a.o(.text.WideTimer0A_Handler) for WideTimer0A_Handler
    startup.o(RESET) refers to entry.o(.ARM.Collect$$$$00000000) for __main
    launchpad.o(.ARM.exidx.text.LaunchPad_Init) refers to launchpad.o(.text.LaunchPad_Init) for [Anonymous Symbol]
    launchpad.o(.ARM.exidx.text.LaunchPad_Input) refers to launchpad.o(.text.LaunchPad_Input) for [Anonymous Symbol]
    launchpad.o(.text.LaunchPad_WaitForTouch) refers to launchpad.o(.text.DelayMs) for DelayMs
    launchpad.o(.ARM.exidx.text.LaunchPad_WaitForTouch) refers to launchpad.o(.text.LaunchPad_WaitForTouch) for [Anonymous Symbol]
    launchpad.o(.ARM.exidx.text.DelayMs) refers to launchpad.o(.text.DelayMs) for [Anonymous Symbol]
    launchpad.o(.text.LaunchPad_WaitForRelease) refers to launchpad.o(.text.DelayMs) for DelayMs
    launchpad.o(.ARM.exidx.text.LaunchPad_WaitForRelease) refers to launchpad.o(.text.LaunchPad_WaitForRelease) for [Anonymous Symbol]
    launchpad.o(.ARM.exidx.text.LaunchPad_Output) refers to launchpad.o(.text.LaunchPad_Output) for [Anonymous Symbol]
    os.o(.text.GetPriPointer) refers to os.o(.bss.Pri0) for Pri0
    os.o(.text.GetPriPointer) refers to os.o(.bss.Pri1) for Pri1
    os.o(.text.GetPriPointer) refers to os.o(.bss.Pri2) for Pri2
    os.o(.text.GetPriPointer) refers to os.o(.bss.Pri3) for Pri3
    os.o(.text.GetPriPointer) refers to os.o(.bss.Pri4) for Pri4
    os.o(.text.GetPriPointer) refers to os.o(.bss.Pri5) for Pri5
    os.o(.ARM.exidx.text.GetPriPointer) refers to os.o(.text.GetPriPointer) for [Anonymous Symbol]
    os.o(.text.initTCBs) refers to os.o(.bss.RunPt) for RunPt
    os.o(.text.initTCBs) refers to os.o(.bss.Pri0) for Pri0
    os.o(.text.initTCBs) refers to os.o(.bss.Pri1) for Pri1
    os.o(.text.initTCBs) refers to os.o(.bss.Pri2) for Pri2
    os.o(.text.initTCBs) refers to os.o(.bss.Pri3) for Pri3
    os.o(.text.initTCBs) refers to os.o(.bss.Pri4) for Pri4
    os.o(.text.initTCBs) refers to os.o(.bss.Pri5) for Pri5
    os.o(.text.initTCBs) refers to os.o(.bss.SleepList) for SleepList
    os.o(.text.initTCBs) refers to os.o(.bss.numProcesses) for numProcesses
    os.o(.text.initTCBs) refers to os.o(.bss.numThreads) for numThreads
    os.o(.text.initTCBs) refers to os.o(.bss.numActive) for numActive
    os.o(.text.initTCBs) refers to os.o(.bss.numSleep) for numSleep
    os.o(.text.initTCBs) refers to os.o(.bss.TCBs) for TCBs
    os.o(.text.initTCBs) refers to os.o(.bss.PCBs) for PCBs
    os.o(.ARM.exidx.text.initTCBs) refers to os.o(.text.initTCBs) for [Anonymous Symbol]
    os.o(.ARM.exidx.text.appendToList) refers to os.o(.text.appendToList) for [Anonymous Symbol]
    os.o(.ARM.exidx.text.removeFromList) refers to os.o(.text.removeFromList) for [Anonymous Symbol]
    os.o(.ARM.exidx.text.updateState) refers to os.o(.text.updateState) for [Anonymous Symbol]
    os.o(.text.jitterWrapper) refers to os.o(.text.OS_Time) for OS_Time
    os.o(.text.jitterWrapper) refers to os.o(.text.OS_TimeDifference) for OS_TimeDifference
    os.o(.ARM.exidx.text.jitterWrapper) refers to os.o(.text.jitterWrapper) for [Anonymous Symbol]
    os.o(.ARM.exidx.text.OS_Time) refers to os.o(.text.OS_Time) for [Anonymous Symbol]
    os.o(.text.OS_TimeDifference) refers to os.o(.bss.SystickPeriod) for SystickPeriod
    os.o(.ARM.exidx.text.OS_TimeDifference) refers to os.o(.text.OS_TimeDifference) for [Anonymous Symbol]
    os.o(.text.Scheduler) refers to startup.o(.text) for StartCritical
    os.o(.text.Scheduler) refers to os.o(.bss.Pri0) for Pri0
    os.o(.text.Scheduler) refers to os.o(.bss.Pri1) for Pri1
    os.o(.text.Scheduler) refers to os.o(.bss.Pri2) for Pri2
    os.o(.text.Scheduler) refers to os.o(.bss.Pri3) for Pri3
    os.o(.text.Scheduler) refers to os.o(.bss.Pri4) for Pri4
    os.o(.text.Scheduler) refers to os.o(.bss.Pri5) for Pri5
    os.o(.text.Scheduler) refers to os.o(.bss.RunPt) for RunPt
    os.o(.text.Scheduler) refers to os.o(.bss.NextPt) for NextPt
    os.o(.text.Scheduler) refers to osasm.o(.text) for ContextSwitch
    os.o(.ARM.exidx.text.Scheduler) refers to os.o(.text.Scheduler) for [Anonymous Symbol]
    os.o(.text.SysTick_Handler) refers to startup.o(.text) for StartCritical
[...]
    startup.s                                0x00000000   Number         0  startup.o ABSOLUTE
    RESET                                    0x00000000   Section      644  startup.o(RESET)
    .ARM.Collect$$$$00000000                 0x00000284   Section        0  entry.o(.ARM.Collect$$$$00000000)
    .ARM.Collect$$$$00000001                 0x00000284   Section        4  entry2.o(.ARM.Collect$$$$00000001)
    .ARM.Collect$$$$00000004                 0x00000288   Section        4  entry5.o(.ARM.Collect$$$$00000004)
    .ARM.Collect$$$$00000008                 0x0000028c   Section        0  entry7b.o(.ARM.Collect$$$$00000008)
    .ARM.Collect$$$$0000000A                 0x0000028c   Section        0  entry8b.o(.ARM.Collect$$$$0000000A)
    .ARM.Collect$$$$0000000B                 0x0000028c   Section        8  entry9a.o(.ARM.Collect$$$$0000000B)
    __lit__00000000                          0x00000294   Data           4  entry2.o(.ARM.Collect$$$$00002712)
    .ARM.Collect$$$$0000000D                 0x00000294   Section        0  entry10a.o(.ARM.Collect$$$$0000000D)
    .ARM.Collect$$$$0000000F                 0x00000294   Section        0  entry11a.o(.ARM.Collect$$$$0000000F)
    .ARM.Collect$$$$00002712                 0x00000294   Section        4  entry2.o(.ARM.Collect$$$$00002712)
    .text                                    0x00000298   Section       48  startup.o(.text)
    .text                                    0x000002c8   Section      288  osasm.o(.text)
    .text                                    0x000003e8   Section        0  rand.o(.text)
    .text                                    0x0000040c   Section        0  memcpya.o(.text)
    .text                                    0x00000430   Section        0  memseta.o(.text)
    .text                                    0x00000454   Section        0  uidiv.o(.text)
    .text                                    0x00000480   Section        0  uldiv.o(.text)
    .text                                    0x000004e2   Section        0  iusefp.o(.text)
    .text                                    0x000004e2   Section        0  dadd.o(.text)
    .text                                    0x00000630   Section        0  dmul.o(.text)
    .text                                    0x00000714   Section        0  ddiv.o(.text)
    .text                                    0x000007f2   Section        0  dfixul.o(.text)
    .text                                    0x00000824   Section       48  cdrcmple.o(.text)
    .text                                    0x00000854   Section       48  init.o(.text)
    .text                                    0x00000884   Section        0  llshl.o(.text)
    .text                                    0x000008a2   Section        0  llushr.o(.text)
    .text                                    0x000008c2   Section        0  llsshr.o(.text)
    .text                                    0x000008e6   Section        0  depilogue.o(.text)
    [Anonymous Symbol]                       0x000009a0   Section        0  heapbestfit.o(.text.Best_Heap_Calloc)
    [Anonymous Symbol]                       0x000009c4   Section        0  heapbestfit.o(.text.Best_Heap_Free)
    [Anonymous Symbol]                       0x00000b80   Section        0  heapbestfit.o(.text.Best_Heap_Init)
    [Anonymous Symbol]                       0x00000bd8   Section        0  heapbestfit.o(.text.Best_Heap_Malloc)
    [Anonymous Symbol]                       0x00000db8   Section        0  heapbestfit.o(.text.Best_Heap_Stats)
    [Anonymous Symbol]                       0x00000df8   Section        0  edisk.o(.text.CS_Init)
    [Anonymous Symbol]                       0x00000e8c   Section        0  st7735.o(.text.Delay1ms)
    [Anonymous Symbol]                       0x00000ebc   Section        0  heapfirstfit.o(.text.First_Heap_Calloc)
    [Anonymous Symbol]                       0x00000ee0   Section        0  heapfirstfit.o(.text.First_Heap_Free)
    [Anonymous Symbol]                       0x0000109c   Section        0  heapfirstfit.o(.text.First_Heap_Init)
    [Anonymous Symbol]                       0x000010f4   Section        0  heapfirstfit.o(.text.First_Heap_Malloc)
    [Anonymous Symbol]                       0x000012cc   Section        0  heapfirstfit.o(.text.First_Heap_Realloc)
    [Anonymous Symbol]                       0x000013f8   Section        0  heapfirstfit.o(.text.First_Heap_Stats)
    [Anonymous Symbol]                       0x00001438   Section        0  os.o(.text.GPIOPortF_Handler)
    [Anonymous Symbol]                       0x00001494   Section        0  os.o(.text.GetPriPointer)
    [Anonymous Symbol]                       0x00001508   Section        0  heap.o(.text.Heap_Calloc)
    [Anonymous Symbol]                       0x00001560   Section        0  heap.o(.text.Heap_Free)
    [Anonymous Symbol]                       0x000015b8   Section        0  heap.o(.text.Heap_Init)
    [Anonymous Symbol]                       0x0000160c   Section        0  heap.o(.text.Heap_Malloc)
    [Anonymous Symbol]                       0x00001664   Section        0  heap.o(.text.Heap_Realloc)
    [Anonymous Symbol]                       0x000016c0   Section        0  heap.o(.text.Heap_Stats)
    [Anonymous Symbol]                       0x00001718   Section        0  heaptester.o(.text.Idle)
    IsInISR                                  0x0000174d   Thumb Code    16  os.o(.text.IsInISR)
    [Anonymous Symbol]                       0x0000174c   Section        0  os.o(.text.IsInISR)
    [Anonymous Symbol]                       0x0000175c   Section        0  heapknuth.o(.text.Knuth_Heap_Calloc)
    [Anonymous Symbol]                       0x00001780   Section        0  heapknuth.o(.text.Knuth_Heap_Free)
    [Anonymous Symbol]                       0x00001838   Section        0  heapknuth.o(.text.Knuth_Heap_Init)
    [Anonymous Symbol]                       0x00001890   Section        0  heapknuth.o(.text.Knuth_Heap_Malloc)
    [Anonymous Symbol]                       0x000019b0   Section        0  heapknuth.o(.text.Knuth_Heap_Stats)
    [Anonymous Symbol]                       0x000019f0   Section        0  launchpad.o(.text.LaunchPad_Init)
    [Anonymous Symbol]                       0x00001a64   Section        0  os.o(.text.OS_AddSW1Task)
    [Anonymous Symbol]                       0x00001b80   Section        0  os.o(.text.OS_AddSW2Task)
    [Anonymous Symbol]                       0x00001ca0   Section        0  os.o(.text.OS_AddThread)
    [Anonymous Symbol]                       0x00001ed8   Section        0  os.o(.text.OS_ClearMsTime)
    [Anonymous Symbol]                       0x00001f04   Section        0  os.o(.text.OS_Id)
    [Anonymous Symbol]                       0x00001f30   Section        0  os.o(.text.OS_Init)
    [Anonymous Symbol]                       0x00001f60   Section        0  os.o(.text.OS_InitSemaphore)
    [Anonymous Symbol]                       0x00001f84   Section        0  os.o(.text.OS_Kill)
    [Anonymous Symbol]                       0x00002024   Section        0  os.o(.text.OS_Launch)
    [Anonymous Symbol]                       0x00002048   Section        0  os.o(.text.OS_MsTime)
    [Anonymous Symbol]                       0x00002054   Section        0  os.o(.text.OS_MsTimerInit)
    [Anonymous Symbol]                       0x00002070   Section        0  os.o(.text.OS_Sleep)
    [Anonymous Symbol]                       0x000020ec   Section        0  os.o(.text.OS_Suspend)
    [Anonymous Symbol]                       0x000020f4   Section        0  os.o(.text.OS_Time)
    [Anonymous Symbol]                       0x00002100   Section        0  os.o(.text.OS_TimeDifference)
    [Anonymous Symbol]                       0x00002138   Section        0  os.o(.text.OS_Timer5A_Counter)
    [Anonymous Symbol]                       0x00002148   Section        0  os.o(.text.OS_bSignal)
    [Anonymous Symbol]                       0x000021fc   Section        0  os.o(.text.OS_bWait)
    [Anonymous Symbol]                       0x00002250   Section        0  pll.o(.text.PLL_Init)
    [Anonymous Symbol]                       0x000022dc   Section        0  heaptester.o(.text.PortD_Init)
    [Anonymous Symbol]                       0x00002354   Section        0  fifosimple.o(.text.RxFifo_Init)
    [Anonymous Symbol]                       0x0000236c   Section        0  fifosimple.o(.text.RxFifo_Put)
    [Anonymous Symbol]                       0x000023c4   Section        0  fifosimple.o(.text.RxFifo_Size)
    [Anonymous Symbol]                       0x000023dc   Section        0  st7735.o(.text.ST7735_DrawCharS)
    [Anonymous Symbol]                       0x00002594   Section        0  st7735.o(.text.ST7735_DrawPixel)
    [Anonymous Symbol]                       0x00002604   Section        0  st7735.o(.text.ST7735_DrawString)
    [Anonymous Symbol]                       0x000026a0   Section        0  st7735.o(.text.ST7735_FillRect)
    [Anonymous Symbol]                       0x000027e0   Section        0  st7735.o(.text.ST7735_FillScreen)
    [Anonymous Symbol]                       0x00002814   Section        0  st7735.o(.text.ST7735_InitR)
    [Anonymous Symbol]                       0x000028c8   Section        0  st7735.o(.text.ST7735_Message)
    [Anonymous Symbol]                       0x0000290c   Section        0  st7735.o(.text.ST7735_OutChar)
    [Anonymous Symbol]                       0x00002a1c   Section        0  st7735.o(.text.ST7735_OutDec)
    [Anonymous Symbol]                       0x00002adc   Section        0  st7735.o(.text.ST7735_OutString)
    [Anonymous Symbol]                       0x00002b00   Section        0  st7735.o(.text.ST7735_SetCursor)
    [Anonymous Symbol]                       0x00002b38   Section        0  heaptester.o(.text.SW1Push)
    [Anonymous Symbol]                       0x00002b80   Section        0  heaptester.o(.text.SW2Push)
    [Anonymous Symbol]                       0x00002bc8   Section        0  os.o(.text.Scheduler)
    [Anonymous Symbol]                       0x00002c98   Section        0  os.o(.text.SysTick_Handler)
    [Anonymous Symbol]                       0x00002d6c   Section        0  os.o(.text.SysTick_Init)
    [Anonymous Symbol]                       0x00002dc8   Section        0  heaptester.o(.text.TestHeap)
    [Anonymous Symbol]                       0x00003430   Section        0  timer1a.o(.text.Timer1A_Handler)
    [Anonymous Symbol]                       0x0000344c   Section        0  timer2a.o(.text.Timer2A_Handler)
    [Anonymous Symbol]                       0x00003468   Section        0  timer5a.o(.text.Timer5A_Handler)
    [Anonymous Symbol]                       0x00003484   Section        0  timer5a.o(.text.Timer5A_Init)
    [Anonymous Symbol]                       0x00003524   Section        0  timer5a.o(.text.Timer5A_Stop)
    [Anonymous Symbol]                       0x00003540   Section        0  fifosimple.o(.text.TxFifo_Get)
    [Anonymous Symbol]                       0x00003594   Section        0  fifosimple.o(.text.TxFifo_Init)
    [Anonymous Symbol]                       0x000035ac   Section        0  fifosimple.o(.text.TxFifo_Put)
    [Anonymous Symbol]                       0x00003604   Section        0  fifosimple.o(.text.TxFifo_Size)
    [Anonymous Symbol]                       0x0000361c   Section        0  uart0int.o(.text.UART0_Handler)
    [Anonymous Symbol]                       0x000036d4   Section        0  uart0int.o(.text.UART_Init)
    [Anonymous Symbol]                       0x000037cc   Section        0  uart0int.o(.text.UART_OutChar)
    [Anonymous Symbol]                       0x00003808   Section        0  wtimer0a.o(.text.WideTimer0A_Handler)
    [Anonymous Symbol]                       0x00003824   Section        0  heapworstfit.o(.text.Worst_Heap_Calloc)
    [Anonymous Symbol]                       0x00003848   Section        0  heapworstfit.o(.text.Worst_Heap_Free)
    [Anonymous Symbol]                       0x00003a04   Section        0  heapworstfit.o(.text.Worst_Heap_Init)
    [Anonymous Symbol]                       0x00003a5c   Section        0  heapworstfit.o(.text.Worst_Heap_Malloc)
    [Anonymous Symbol]                       0x00003c14   Section        0  heapworstfit.o(.text.Worst_Heap_Stats)
    [Anonymous Symbol]                       0x00003c54   Section        0  os.o(.text.appendToList)
    commandList                              0x00003cad   Thumb Code   170  st7735.o(.text.commandList)
    [Anonymous Symbol]                       0x00003cac   Section        0  st7735.o(.text.commandList)
    commonInit                               0x00003d59   Thumb Code   422  st7735.o(.text.commonInit)
    [Anonymous Symbol]                       0x00003d58   Section        0  st7735.o(.text.commonInit)
    copyHardwareToSoftware                   0x00003f01   Thumb Code    86  uart0int.o(.text.copyHardwareToSoftware)
    [Anonymous Symbol]                       0x00003f00   Section        0  uart0int.o(.text.copyHardwareToSoftware)
    copySoftwareToHardware                   0x00003f59   Thumb Code    78  uart0int.o(.text.copySoftwareToHardware)
    [Anonymous Symbol]                       0x00003f58   Section        0  uart0int.o(.text.copySoftwareToHardware)
    [Anonymous Symbol]                       0x00003fa8   Section        0  heapknuth.o(.text.cutBlock)
    [Anonymous Symbol]                       0x000040f4   Section        0  st7735.o(.text.fillmessage)
    [Anonymous Symbol]                       0x00004164   Section        0  os.o(.text.fputc)
    [Anonymous Symbol]                       0x00004198   Section        0  heaptester.o(.text.heapError)
    [Anonymous Symbol]                       0x000041c8   Section        0  heaptester.o(.text.heapStats)
    [Anonymous Symbol]                       0x0000425c   Section        0  os.o(.text.initCPUUtilization)
    [Anonymous Symbol]                       0x000042b8   Section        0  os.o(.text.initTCBs)
    [Anonymous Symbol]                       0x000043b4   Section        0  heaptester.o(.text.main)
    [Anonymous Symbol]                       0x0000441c   Section        0  heapknuth.o(.text.mergeBlock)
    pushColor                                0x00004585   Thumb Code    28  st7735.o(.text.pushColor)
    [Anonymous Symbol]                       0x00004584   Section        0  st7735.o(.text.pushColor)
    [Anonymous Symbol]                       0x000045a0   Section        0  os.o(.text.removeFromList)
    setAddrWindow                            0x000045ed   Thumb Code   148  st7735.o(.text.setAddrWindow)
    [Anonymous Symbol]                       0x000045ec   Section        0  st7735.o(.text.setAddrWindow)
    [Anonymous Symbol]                       0x00004680   Section        0  heaptester.o(.text.stressTestHeap)
    [Anonymous Symbol]                       0x00004a30   Section        0  os.o(.text.updateState)
    [Anonymous Symbol]                       0x00004abc   Section        0  os.o(.text.waitTenms)
    writecommand                             0x00004acd   Thumb Code   126  st7735.o(.text.writecommand)
    [Anonymous Symbol]                       0x00004acc   Section        0  st7735.o(.text.writecommand)
    writedata                                0x00004b4d   Thumb Code   128  st7735.o(.text.writedata)
    [Anonymous Symbol]                       0x00004b4c   Section        0  st7735.o(.text.writedata)
    i.__0printf                              0x00004bcc   Section        0  printfa.o(i.__0printf)
    i.__0snprintf                            0x00004bec   Section        0  printfa.o(i.__0snprintf)
    i.__scatterload_copy                     0x00004c20   Section       14  handlers.o(i.__scatterload_copy)
    i.__scatterload_null                     0x00004c2e   Section        2  handlers.o(i.__scatterload_null)
    i.__scatterload_zeroinit                 0x00004c30   Section       14  handlers.o(i.__scatterload_zeroinit)
    _fp_digits                               0x00004c41   Thumb Code   366  printfa.o(i._fp_digits)
    i._fp_digits                             0x00004c40   Section        0  printfa.o(i._fp_digits)
    _printf_core                             0x00004dc5   Thumb Code  1744  printfa.o(i._printf_core)
    i._printf_core                           0x00004dc4   Section        0  printfa.o(i._printf_core)
    _printf_post_padding                     0x000054a1   Thumb Code    36  printfa.o(i._printf_post_padding)
    i._printf_post_padding                   0x000054a0   Section        0  printfa.o(i._printf_post_padding)
    _printf_pre_padding                      0x000054c5   Thumb Code    46  printfa.o(i._printf_pre_padding)
    i._printf_pre_padding                    0x000054c4   Section        0  printfa.o(i._printf_pre_padding)
    _snputc                                  0x000054f3   Thumb Code    22  printfa.o(i._snputc)
    i._snputc                                0x000054f2   Section        0  printfa.o(i._snputc)
    Font                                     0x00005508   Data        1275  st7735.o(.rodata.Font)
    [Anonymous Symbol]                       0x00005508   Section        0  st7735.o(.rodata.Font)
    Rcmd1                                    0x00005a03   Data          59  st7735.o(.rodata.Rcmd1)
    [Anonymous Symbol]                       0x00005a03   Section        0  st7735.o(.rodata.Rcmd1)
    Rcmd2green                               0x00005a3e   Data          13  st7735.o(.rodata.Rcmd2green)
    [Anonymous Symbol]                       0x00005a3e   Section        0  st7735.o(.rodata.Rcmd2green)
    Rcmd2red                                 0x00005a4b   Data          13  st7735.o(.rodata.Rcmd2red)
    [Anonymous Symbol]                       0x00005a4b   Section        0  st7735.o(.rodata.Rcmd2red)
    Rcmd3                                    0x00005a58   Data          43  st7735.o(.rodata.Rcmd3)
    [Anonymous Symbol]                       0x00005a58   Section        0  st7735.o(.rodata.Rcmd3)
    .L.str                                   0x00005a83   Data          22  st7735.o(.rodata.str1.1)
    [Anonymous Symbol]                       0x00005a83   Section        0  st7735.o(.rodata.str1.1)
    .L.str.31                                0x00005a99   Data           3  heaptester.o(.rodata.str1.1)
    [Anonymous Symbol]                       0x00005a99   Section        0  heaptester.o(.rodata.str1.1)
    .L.str.29                                0x00005a9c   Data         220  heaptester.o(.rodata.str1.1)
    .L.str.14                                0x00005b78   Data          38  heaptester.o(.rodata.str1.1)
    .L.str.21                                0x00005b9e   Data          15  heaptester.o(.rodata.str1.1)
    .L.str.23                                0x00005bad   Data          19  heaptester.o(.rodata.str1.1)
    .L.str.27                                0x00005bc0   Data          23  heaptester.o(.rodata.str1.1)
    .L.str.30                                0x00005bd7   Data          47  heaptester.o(.rodata.str1.1)
    .L.str.13                                0x00005c06   Data          25  heaptester.o(.rodata.str1.1)
    .L.str.5                                 0x00005c1f   Data          13  heaptester.o(.rodata.str1.1)
    .L.str.6                                 0x00005c2c   Data          13  heaptester.o(.rodata.str1.1)
    .L.str.4                                 0x00005c39   Data          13  heaptester.o(.rodata.str1.1)
    .L.str.7                                 0x00005c46   Data          13  heaptester.o(.rodata.str1.1)
    .L.str.25                                0x00005c53   Data          12  heaptester.o(.rodata.str1.1)
    .L.str.16                                0x00005c5f   Data          12  heaptester.o(.rodata.str1.1)
    .L.str.18                                0x00005c6b   Data          10  heaptester.o(.rodata.str1.1)
    .L.str.20                                0x00005c75   Data           2  heaptester.o(.rodata.str1.1)
    .L.str.24                                0x00005c77   Data           9  heaptester.o(.rodata.str1.1)
    .L.str.28                                0x00005c80   Data          21  heaptester.o(.rodata.str1.1)
    .L.str.26                                0x00005c95   Data          20  heaptester.o(.rodata.str1.1)
    .L.str.12                                0x00005ca9   Data           8  heaptester.o(.rodata.str1.1)
    .L.str.19                                0x00005cb1   Data           2  heaptester.o(.rodata.str1.1)
    .L.str.22                                0x00005cb3   Data           2  heaptester.o(.rodata.str1.1)
    .L.str.17                                0x00005cb5   Data           4  heaptester.o(.rodata.str1.1)
    .L.str                                   0x00005cb9   Data           3  heaptester.o(.rodata.str1.1)
    .L.str.2                                 0x00005cbc   Data          11  heaptester.o(.rodata.str1.1)
    .L.str.9                                 0x00005cc7   Data           9  heaptester.o(.rodata.str1.1)
    .L.str.8                                 0x00005cd0   Data          10  heaptester.o(.rodata.str1.1)
    .L.str.10                                0x00005cda   Data          10  heaptester.o(.rodata.str1.1)
    .L.str.15                                0x00005ce4   Data          10  heaptester.o(.rodata.str1.1)
    .L.str.1                                 0x00005cee   Data          17  heaptester.o(.rodata.str1.1)
    .L.str.11                                0x00005cff   Data          13  heaptester.o(.rodata.str1.1)
    .L.str.3                                 0x00005d0b   Data           1  heaptester.o(.rodata.str1.1)
    _rand_state                              0x20000000   Data           4  rand.o(.data)
    .data                                    0x20000000   Section        4  rand.o(.data)
    .data                                    0x20000004   Section        4  stdout.o(.data)
    _height                                  0x2000000a   Data           2  st7735.o(.data._height)
    [Anonymous Symbol]                       0x2000000a   Section        0  st7735.o(.data._height)
    _width                                   0x2000000c   Data           2  st7735.o(.data._width)
    [Anonymous Symbol]                       0x2000000c   Section        0  st7735.o(.data._width)
    ColStart                                 0x20000010   Data           1  st7735.o(.bss.ColStart)
    [Anonymous Symbol]                       0x20000010   Section        0  st7735.o(.bss.ColStart)
    RowStart                                 0x20000078   Data           1  st7735.o(.bss.RowStart)
    [Anonymous Symbol]                       0x20000078   Section        0  st7735.o(.bss.RowStart)
    RxFifo                                   0x20000080   Data        1024  fifosimple.o(.bss.RxFifo)
    [Anonymous Symbol]                       0x20000080   Section        0  fifosimple.o(.bss.RxFifo)
    TabColor                                 0x20002d58   Data           1  st7735.o(.bss.TabColor)
    [Anonymous Symbol]                       0x20002d58   Section        0  st7735.o(.bss.TabColor)
    TxFifo                                   0x20002d59   Data        1024  fifosimple.o(.bss.TxFifo)
    [Anonymous Symbol]                       0x20002d59   Section        0  fifosimple.o(.bss.TxFifo)
    StackMem                                 0x20007240   Data           0  startup.o(STACK)
    STACK                                    0x20007240   Section     1024  startup.o(STACK)

    Global Symbols

    Symbol Name                              Value     Ov Type        Size  Object(Section)

    BuildAttributes$$THM_ISAv4$E$P$D$K$B$S$7EM$PE$A:L22UL41UL21$X:L11$S22US41US21$IEEE1$IW$~IW$USESV6$~STKCKD$USESV7$~SHL$OSPACE$ROPI$EBA8$MICROLIB$REQ8$PRES8$EABIv2 0x00000000   Number         0  anon$$obj.o ABSOLUTE
    __Vectors                                0x00000000   Data           0  startup.o(RESET)
    __cpp_initialize__aeabi_                  - Undefined Weak Reference
    __cxa_finalize                            - Undefined Weak Reference
    __decompress                              - Undefined Weak Reference
    _clock_init                               - Undefined Weak Reference
    _microlib_exit                            - Undefined Weak Reference
    Reset_Handler                            0x0000026d   Thumb Code     0  startup.o(RESET)
    NMI_Handler                              0x00000271   Thumb Code     2  startup.o(RESET)
    HardFault_Handler                        0x00000273   Thumb Code     2  startup.o(RESET)
    MemManage_Handler                        0x00000275   Thumb Code     2  startup.o(RESET)
    BusFault_Handler                         0x00000277   Thumb Code     2  startup.o(RESET)
    UsageFault_Handler                       0x00000279   Thumb Code     2  startup.o(RESET)
    DebugMon_Handler                         0x0000027d   Thumb Code     2  startup.o(RESET)
    ADC0Seq0_Handler                         0x00000283   Thumb Code     0  startup.o(RESET)
    ADC0Seq1_Handler                         0x00000283   Thumb Code     0  startup.o(RESET)
    ADC0Seq2_Handler                         0x00000283   Thumb Code     0  startup.o(RESET)
    ADC0Seq3_Handler                         0x00000283   Thumb Code     0  startup.o(RESET)
    ADC1Seq0_Handler                         0x00000283   Thumb Code     0  startup.o(RESET)
    ADC1Seq1_Handler                         0x00000283   Thumb Code     0  startup.o(RESET)
    ADC1Seq2_Handler                         0x00000283   Thumb Code     0  startup.o(RESET)
    ADC1Seq3_Handler                         0x00000283   Thumb Code     0  startup.o(RESET)
    CAN0_Handler                             0x00000283   Thumb Code     0  startup.o(RESET)
    CAN1_Handler                             0x00000283   Thumb Code     0  startup.o(RESET)
    CAN2_Handler                             0x00000283   Thumb Code     0  startup.o(RESET)
    Comp0_Handler                            0x00000283   Thumb Code     0  startup.o(RESET)
    Comp1_Handler                            0x00000283   Thumb Code     0  startup.o(RESET)
    Comp2_Handler                            0x00000283   Thumb Code     0  startup.o(RESET)
    Ethernet_Handler                         0x00000283   Thumb Code     0  startup.o(RESET)
    ExtBus_Handler                           0x00000283   Thumb Code     0  startup.o(RESET)
    FPU_Handler                              0x00000283   Thumb Code     0  startup.o(RESET)
    Fan0_Handler                             0x00000283   Thumb Code     0  startup.o(RESET)
    FlashCtl_Handler                         0x00000283   Thumb Code     0  startup.o(RESET)
    GPIOPortA_Handler                        0x00000283   Thumb Code     0  startup.o(RESET)
    GPIOPortB_Handler                        0x00000283   Thumb Code     0  startup.o(RESET)
    GPIOPortC_Handler                        0x00000283   Thumb Code     0  startup.o(RESET)
    GPIOPortD_Handler                        0x00000283   Thumb Code     0  startup.o(RESET)
    GPIOPortE_Handler                        0x00000283   Thumb Code     0  startup.o(RESET)
    GPIOPortG_Handler                        0x00000283   Thumb Code     0  startup.o(RESET)
    GPIOPortH_Handler                        0x00000283   Thumb Code     0  startup.o(RESET)
    GPIOPortJ_Handler                        0x00000283   Thumb Code     0  startup.o(RESET)
    GPIOPortK_Handler                        0x00000283   Thumb Code     0  startup.o(RESET)
    GPIOPortL_Handler                        0x00000283   Thumb Code     0  startup.o(RESET)
    GPIOPortM_Handler                        0x00000283   Thumb Code     0  startup.o(RESET)
    GPIOPortN_Handler                        0x00000283   Thumb Code     0  startup.o(RESET)
    GPIOPortP1_Handler                       0x00000283   Thumb Code     0  startup.o(RESET)
    GPIOPortP2_Handler                       0x00000283   Thumb Code     0  startup.o(RESET)
    GPIOPortP3_Handler                       0x00000283   Thumb Code     0  startup.o(RESET)
    GPIOPortP4_Handler                       0x00000283   Thumb Code     0  startup.o(RESET)
    GPIOPortP5_Handler                       0x00000283   Thumb Code     0  startup.o(RESET)
    GPIOPortP6_Handler                       0x00000283   Thumb Code     0  startup.o(RESET)
    GPIOPortP7_Handler                       0x00000283   Thumb Code     0  startup.o(RESET)
    GPIOPortP_Handler                        0x00000283   Thumb Code     0  startup.o(RESET)
    GPIOPortQ1_Handler                       0x00000283   Thumb Code     0  startup.o(RESET)
    GPIOPortQ2_Handler                       0x00000283   Thumb Code     0  startup.o(RESET)
    GPIOPortQ3_Handler                       0x00000283   Thumb Code     0  startup.o(RESET)
    GPIOPortQ4_Handler                       0x00000283   Thumb Code     0  startup.o(RESET)
    GPIOPortQ5_Handler                       0x00000283   Thumb Code     0  startup.o(RESET)
    GPIOPortQ6_Handler                       0x00000283   Thumb Code     0  startup.o(RESET)
    GPIOPortQ7_Handler                       0x00000283   Thumb Code     0  startup.o(RESET)
    GPIOPortQ_Handler                        0x00000283   Thumb Code     0  startup.o(RESET)
    GPIOPortR_Handler                        0x00000283   Thumb Code     0  startup.o(RESET)
    GPIOPortS_Handler                        0x00000283   Thumb Code     0  startup.o(RESET)
    Hibernate_Handler                        0x00000283   Thumb Code     0  startup.o(RESET)
    I2C0_Handler                             0x00000283   Thumb Code     0  startup.o(RESET)
    I2C1_Handler                             0x00000283   Thumb Code     0  startup.o(RESET)
    I2C2_Handler                             0x00000283   Thumb Code     0  startup.o(RESET)
    I2C3_Handler                             0x00000283   Thumb Code     0  startup.o(RESET)
    I2C4_Handler                             0x00000283   Thumb Code     0  startup.o(RESET)
    I2C5_Handler                             0x00000283   Thumb Code     0  startup.o(RESET)
    I2S0_Handler                             0x00000283   Thumb Code     0  startup.o(RESET)
    LPC0_Handler                             0x00000283   Thumb Code     0  startup.o(RESET)
    PECI0_Handler                            0x00000283   Thumb Code     0  startup.o(RESET)
    PWM0Fault_Handler                        0x00000283   Thumb Code     0  startup.o(RESET)
    PWM0Generator0_Handler                   0x00000283   Thumb Code     0  startup.o(RESET)
    PWM0Generator1_Handler                   0x00000283   Thumb Code     0  startup.o(RESET)
    PWM0Generator2_Handler                   0x00000283   Thumb Code     0  startup.o(RESET)
    PWM0Generator3_Handler                   0x00000283   Thumb Code     0  startup.o(RESET)
    PWM1Fault_Handler                        0x00000283   Thumb Code     0  startup.o(RESET)
    PWM1Generator0_Handler                   0x00000283   Thumb Code     0  startup.o(RESET)
    PWM1Generator1_Handler                   0x00000283   Thumb Code     0  startup.o(RESET)
    PWM1Generator2_Handler                   0x00000283   Thumb Code     0  startup.o(RESET)
    PWM1Generator3_Handler                   0x00000283   Thumb Code     0  startup.o(RESET)
    Quadrature0_Handler                      0x00000283   Thumb Code     0  startup.o(RESET)
    Quadrature1_Handler                      0x00000283   Thumb Code     0  startup.o(RESET)
    Quadrature2_Handler                      0x00000283   Thumb Code     0  startup.o(RESET)
    SSI0_Handler                             0x00000283   Thumb Code     0  startup.o(RESET)
    SSI1_Handler                             0x00000283   Thumb Code     0  startup.o(RESET)
    SSI2_Handler                             0x00000283   Thumb Code     0  startup.o(RESET)
    SSI3_Handler                             0x00000283   Thumb Code     0  startup.o(RESET)
    SysCtl_Handler                           0x00000283   Thumb Code     0  startup.o(RESET)
    Timer0A_Handler                          0x00000283   Thumb Code     0  startup.o(RESET)
    Timer0B_Handler                          0x00000283   Thumb Code     0  startup.o(RESET)
    Timer1B_Handler                          0x00000283   Thumb Code     0  startup.o(RESET)
    Timer2B_Handler                          0x00000283   Thumb Code     0  startup.o(RESET)
    Timer3A_Handler                          0x00000283   Thumb Code     0  startup.o(RESET)
    Timer3B_Handler                          0x00000283   Thumb Code     0  startup.o(RESET)
    Timer4A_Handler                          0x00000283   Thumb Code     0  startup.o(RESET)
    Timer4B_Handler                          0x00000283   Thumb Code     0  startup.o(RESET)
    Timer5B_Handler                          0x00000283   Thumb Code     0  startup.o(RESET)
    UART1_Handler                            0x00000283   Thumb Code     0  startup.o(RESET)
    UART2_Handler                            0x00000283   Thumb Code     0  startup.o(RESET)
    UART3_Handler                            0x00000283   Thumb Code     0  startup.o(RESET)
    UART4_Handler                            0x00000283   Thumb Code     0  startup.o(RESET)
    UART5_Handler                            0x00000283   Thumb Code     0  startup.o(RESET)
    UART6_Handler                            0x00000283   Thumb Code     0  startup.o(RESET)
    UART7_Handler                            0x00000283   Thumb Code     0  startup.o(RESET)
    USB0_Handler                             0x00000283   Thumb Code     0  startup.o(RESET)
    WDT_Handler                              0x00000283   Thumb Code     0  startup.o(RESET)
    WideTimer0B_Handler                      0x00000283   Thumb Code     0  startup.o(RESET)
    WideTimer1A_Handler                      0x00000283   Thumb Code     0  startup.o(RESET)
    WideTimer1B_Handler                      0x00000283   Thumb Code     0  startup.o(RESET)
    WideTimer2A_Handler                      0x00000283   Thumb Code     0  startup.o(RESET)
    WideTimer2B_Handler                      0x00000283   Thumb Code     0  startup.o(RESET)
    WideTimer3A_Handler                      0x00000283   Thumb Code     0  startup.o(RESET)
    WideTimer3B_Handler                      0x00000283   Thumb Code     0  startup.o(RESET)
    WideTimer4A_Handler                      0x00000283   Thumb Code     0  startup.o(RESET)
    WideTimer4B_Handler                      0x00000283   Thumb Code     0  startup.o(RESET)
    WideTimer5A_Handler                      0x00000283   Thumb Code     0  startup.o(RESET)
    WideTimer5B_Handler                      0x00000283   Thumb Code     0  startup.o(RESET)
    uDMA_Error                               0x00000283   Thumb Code     0  startup.o(RESET)
    uDMA_Handler                             0x00000283   Thumb Code     0  startup.o(RESET)
    __main                                   0x00000285   Thumb Code     0  entry.o(.ARM.Collect$$$$00000000)
    _main_stk                                0x00000285   Thumb Code     0  entry2.o(.ARM.Collect$$$$00000001)
    _main_scatterload                        0x00000289   Thumb Code     0  entry5.o(.ARM.Collect$$$$00000004)
    __main_after_scatterload                 0x0000028d   Thumb Code     0  entry5.o(.ARM.Collect$$$$00000004)
    _main_clock                              0x0000028d   Thumb Code     0  entry7b.o(.ARM.Collect$$$$00000008)
    _main_cpp_init                           0x0000028d   Thumb Code     0  entry8b.o(.ARM.Collect$$$$0000000A)
    _main_init                               0x0000028d   Thumb Code     0  entry9a.o(.ARM.Collect$$$$0000000B)
    __rt_final_cpp                           0x00000295   Thumb Code     0  entry10a.o(.ARM.Collect$$$$0000000D)
    __rt_final_exit                          0x00000295   Thumb Code     0  entry11a.o(.ARM.Collect$$$$0000000F)
    DisableInterrupts                        0x00000299   Thumb Code     0  startup.o(.text)
    EnableInterrupts                         0x0000029d   Thumb Code     0  startup.o(.text)
    StartCritical                            0x000002a1   Thumb Code     0  startup.o(.text)
    EndCritical                              0x000002a9   Thumb Code     0  startup.o(.text)
    WaitForInterrupt                         0x000002af   Thumb Code     0  startup.o(.text)
    SVC_OS_Id                                0x000002b3   Thumb Code     0  startup.o(.text)
    SVC_OS_Kill                              0x000002b7   Thumb Code     0  startup.o(.text)
    SVC_OS_Sleep                             0x000002bb   Thumb Code     0  startup.o(.text)
    SVC_OS_Time                              0x000002bf   Thumb Code     0  startup.o(.text)
    SVC_OS_AddThread                         0x000002c3   Thumb Code     0  startup.o(.text)
    StartOS                                  0x000002c9   Thumb Code     0  osasm.o(.text)
    ContextSwitch                            0x00000313   Thumb Code     0  osasm.o(.text)
    PendSV_Handler                           0x0000031d   Thumb Code     0  osasm.o(.text)
    SVC_Handler                              0x0000033d   Thumb Code     0  osasm.o(.text)
    Wait                                     0x00000389   Thumb Code     0  osasm.o(.text)
    Signal                                   0x0000039b   Thumb Code     0  osasm.o(.text)
    bWait                                    0x000003ad   Thumb Code     0  osasm.o(.text)
    bSignal                                  0x000003c3   Thumb Code     0  osasm.o(.text)
    rand                                     0x000003e9   Thumb Code    20  rand.o(.text)
    srand                                    0x000003fd   Thumb Code     6  rand.o(.text)
    __aeabi_memcpy                           0x0000040d   Thumb Code    36  memcpya.o(.text)
    __aeabi_memcpy4                          0x0000040d   Thumb Code     0  memcpya.o(.text)
    __aeabi_memcpy8                          0x0000040d   Thumb Code     0  memcpya.o(.text)
    __aeabi_memset                           0x00000431   Thumb Code    14  memseta.o(.text)
    __aeabi_memset4                          0x00000431   Thumb Code     0  memseta.o(.text)
    __aeabi_memset8                          0x00000431   Thumb Code     0  memseta.o(.text)
    __aeabi_memclr                           0x0000043f   Thumb Code     4  memseta.o(.text)
    __aeabi_memclr4                          0x0000043f   Thumb Code     0  memseta.o(.text)
    __aeabi_memclr8                          0x0000043f   Thumb Code     0  memseta.o(.text)
    _memset$wrapper                          0x00000443   Thumb Code    18  memseta.o(.text)
    __aeabi_uidiv                            0x00000455   Thumb Code     0  uidiv.o(.text)
    __aeabi_uidivmod                         0x00000455   Thumb Code    44  uidiv.o(.text)
    __aeabi_uldivmod                         0x00000481   Thumb Code    98  uldiv.o(.text)
    __I$use$fp                               0x000004e3   Thumb Code     0  iusefp.o(.text)
    __aeabi_dadd                             0x000004e3   Thumb Code   322  dadd.o(.text)
    __aeabi_dsub                             0x00000625   Thumb Code     6  dadd.o(.text)
    __aeabi_drsub                            0x0000062b   Thumb Code     6  dadd.o(.text)
    __aeabi_dmul                             0x00000631   Thumb Code   228  dmul.o(.text)
    __aeabi_ddiv                             0x00000715   Thumb Code   222  ddiv.o(.text)
    __aeabi_d2ulz                            0x000007f3   Thumb Code    48  dfixul.o(.text)
    __aeabi_cdrcmple                         0x00000825   Thumb Code    48  cdrcmple.o(.text)
    __scatterload                            0x00000855   Thumb Code    38  init.o(.text)
    __scatterload_rt2                        0x00000855   Thumb Code     0  init.o(.text)
    __aeabi_llsl                             0x00000885   Thumb Code    30  llshl.o(.text)
    _ll_shift_l                              0x00000885   Thumb Code     0  llshl.o(.text)
    __aeabi_llsr                             0x000008a3   Thumb Code    32  llushr.o(.text)
    _ll_ushift_r                             0x000008a3   Thumb Code     0  llushr.o(.text)
    __aeabi_lasr                             0x000008c3   Thumb Code    36  llsshr.o(.text)
    _ll_sshift_r                             0x000008c3   Thumb Code     0  llsshr.o(.text)
    _double_round                            0x000008e7   Thumb Code    30  depilogue.o(.text)
    _double_epilogue                         0x00000905   Thumb Code   156  depilogue.o(.text)
    Best_Heap_Calloc                         0x000009a1   Thumb Code    36  heapbestfit.o(.text.Best_Heap_Calloc)
    Best_Heap_Free                           0x000009c5   Thumb Code   442  heapbestfit.o(.text.Best_Heap_Free)
    Best_Heap_Init                           0x00000b81   Thumb Code    88  heapbestfit.o(.text.Best_Heap_Init)
    Best_Heap_Malloc                         0x00000bd9   Thumb Code   480  heapbestfit.o(.text.Best_Heap_Malloc)
    Best_Heap_Stats                          0x00000db9   Thumb Code    62  heapbestfit.o(.text.Best_Heap_Stats)
    CS_Init                                  0x00000df9   Thumb Code   148  edisk.o(.text.CS_Init)
    Delay1ms                                 0x00000e8d   Thumb Code    46  st7735.o(.text.Delay1ms)
    First_Heap_Calloc                        0x00000ebd   Thumb Code    36  heapfirstfit.o(.text.First_Heap_Calloc)
    First_Heap_Free                          0x00000ee1   Thumb Code   442  heapfirstfit.o(.text.First_Heap_Free)
    First_Heap_Init                          0x0000109d   Thumb Code    88  heapfirstfit.o(.text.First_Heap_Init)
    First_Heap_Malloc                        0x000010f5   Thumb Code   472  heapfirstfit.o(.text.First_Heap_Malloc)
    First_Heap_Realloc                       0x000012cd   Thumb Code   300  heapfirstfit.o(.text.First_Heap_Realloc)
    First_Heap_Stats                         0x000013f9   Thumb Code    62  heapfirstfit.o(.text.First_Heap_Stats)
    GPIOPortF_Handler                        0x00001439   Thumb Code    90  os.o(.text.GPIOPortF_Handler)
    GetPriPointer                            0x00001495   Thumb Code   114  os.o(.text.GetPriPointer)
    Heap_Calloc                              0x00001509   Thumb Code    88  heap.o(.text.Heap_Calloc)
    Heap_Free                                0x00001561   Thumb Code    88  heap.o(.text.Heap_Free)
    Heap_Init                                0x000015b9   Thumb Code    84  heap.o(.text.Heap_Init)
    Heap_Malloc                              0x0000160d   Thumb Code    88  heap.o(.text.Heap_Malloc)
    Heap_Realloc                             0x00001665   Thumb Code    92  heap.o(.text.Heap_Realloc)
    Heap_Stats                               0x000016c1   Thumb Code    88  heap.o(.text.Heap_Stats)
    Idle                                     0x00001719   Thumb Code    52  heaptester.o(.text.Idle)
    Knuth_Heap_Calloc                        0x0000175d   Thumb Code    36  heapknuth.o(.text.Knuth_Heap_Calloc)
    Knuth_Heap_Free                          0x00001781   Thumb Code   184  heapknuth.o(.text.Knuth_Heap_Free)
    Knuth_Heap_Init                          0x00001839   Thumb Code    88  heapknuth.o(.text.Knuth_Heap_Init)
    Knuth_Heap_Malloc                        0x00001891   Thumb Code   288  heapknuth.o(.text.Knuth_Heap_Malloc)
    Knuth_Heap_Stats                         0x000019b1   Thumb Code    62  heapknuth.o(.text.Knuth_Heap_Stats)
    LaunchPad_Init                           0x000019f1   Thumb Code   116  launchpad.o(.text.LaunchPad_Init)
    OS_AddSW1Task                            0x00001a65   Thumb Code   282  os.o(.text.OS_AddSW1Task)
    OS_AddSW2Task                            0x00001b81   Thumb Code   288  os.o(.text.OS_AddSW2Task)
    OS_AddThread                             0x00001ca1   Thumb Code   566  os.o(.text.OS_AddThread)
    OS_ClearMsTime                           0x00001ed9   Thumb Code    42  os.o(.text.OS_ClearMsTime)
    OS_Id                                    0x00001f05   Thumb Code    44  os.o(.text.OS_Id)
    OS_Init                                  0x00001f31   Thumb Code    46  os.o(.text.OS_Init)
    OS_InitSemaphore                         0x00001f61   Thumb Code    36  os.o(.text.OS_InitSemaphore)
    OS_Kill                                  0x00001f85   Thumb Code   158  os.o(.text.OS_Kill)
    OS_Launch                                0x00002025   Thumb Code    36  os.o(.text.OS_Launch)
    OS_MsTime                                0x00002049   Thumb Code    12  os.o(.text.OS_MsTime)
    OS_MsTimerInit                           0x00002055   Thumb Code    26  os.o(.text.OS_MsTimerInit)
    OS_Sleep                                 0x00002071   Thumb Code   122  os.o(.text.OS_Sleep)
    OS_Suspend                               0x000020ed   Thumb Code     8  os.o(.text.OS_Suspend)
    OS_Time                                  0x000020f5   Thumb Code    12  os.o(.text.OS_Time)
    OS_TimeDifference                        0x00002101   Thumb Code    54  os.o(.text.OS_TimeDifference)
    OS_Timer5A_Counter                       0x00002139   Thumb Code    16  os.o(.text.OS_Timer5A_Counter)
    OS_bSignal                               0x00002149   Thumb Code   178  os.o(.text.OS_bSignal)
    OS_bWait                                 0x000021fd   Thumb Code    82  os.o(.text.OS_bWait)
    PLL_Init                                 0x00002251   Thumb Code   138  pll.o(.text.PLL_Init)
    PortD_Init                               0x000022dd   Thumb Code   120  heaptester.o(.text.PortD_Init)
    RxFifo_Init                              0x00002355   Thumb Code    24  fifosimple.o(.text.RxFifo_Init)
    RxFifo_Put                               0x0000236d   Thumb Code    86  fifosimple.o(.text.RxFifo_Put)
    RxFifo_Size                              0x000023c5   Thumb Code    24  fifosimple.o(.text.RxFifo_Size)
    ST7735_DrawCharS                         0x000023dd   Thumb Code   438  st7735.o(.text.ST7735_DrawCharS)
    ST7735_DrawPixel                         0x00002595   Thumb Code   112  st7735.o(.text.ST7735_DrawPixel)
    ST7735_DrawString                        0x00002605   Thumb Code   154  st7735.o(.text.ST7735_DrawString)
    ST7735_FillRect                          0x000026a1   Thumb Code   318  st7735.o(.text.ST7735_FillRect)
    ST7735_FillScreen                        0x000027e1   Thumb Code    52  st7735.o(.text.ST7735_FillScreen)
    ST7735_InitR                             0x00002815   Thumb Code   180  st7735.o(.text.ST7735_InitR)
    ST7735_Message                           0x000028c9   Thumb Code    66  st7735.o(.text.ST7735_Message)
    ST7735_OutChar                           0x0000290d   Thumb Code   270  st7735.o(.text.ST7735_OutChar)
    ST7735_OutDec                            0x00002a1d   Thumb Code   190  st7735.o(.text.ST7735_OutDec)
    ST7735_OutString                         0x00002add   Thumb Code    36  st7735.o(.text.ST7735_OutString)
    ST7735_SetCursor                         0x00002b01   Thumb Code    54  st7735.o(.text.ST7735_SetCursor)
    SW1Push                                  0x00002b39   Thumb Code    72  heaptester.o(.text.SW1Push)
    SW2Push                                  0x00002b81   Thumb Code    72  heaptester.o(.text.SW2Push)
    Scheduler                                0x00002bc9   Thumb Code   206  os.o(.text.Scheduler)
    SysTick_Handler                          0x00002c99   Thumb Code   212  os.o(.text.SysTick_Handler)
    SysTick_Init                             0x00002d6d   Thumb Code    92  os.o(.text.SysTick_Init)
    TestHeap                                 0x00002dc9   Thumb Code  1640  heaptester.o(.text.TestHeap)
    Timer1A_Handler                          0x00003431   Thumb Code    28  timer1a.o(.text.Timer1A_Handler)
    Timer2A_Handler                          0x0000344d   Thumb Code    28  timer2a.o(.text.Timer2A_Handler)
    Timer5A_Handler                          0x00003469   Thumb Code    28  timer5a.o(.text.Timer5A_Handler)
    Timer5A_Init                             0x00003485   Thumb Code   160  timer5a.o(.text.Timer5A_Init)
    Timer5A_Stop                             0x00003525   Thumb Code    28  timer5a.o(.text.Timer5A_Stop)
    TxFifo_Get                               0x00003541   Thumb Code    82  fifosimple.o(.text.TxFifo_Get)
    TxFifo_Init                              0x00003595   Thumb Code    24  fifosimple.o(.text.TxFifo_Init)
    TxFifo_Put                               0x000035ad   Thumb Code    86  fifosimple.o(.text.TxFifo_Put)
    TxFifo_Size                              0x00003605   Thumb Code    24  fifosimple.o(.text.TxFifo_Size)
    UART0_Handler                            0x0000361d   Thumb Code   184  uart0int.o(.text.UART0_Handler)
    UART_Init                                0x000036d5   Thumb Code   246  uart0int.o(.text.UART_Init)
    UART_OutChar                             0x000037cd   Thumb Code    60  uart0int.o(.text.UART_OutChar)
    WideTimer0A_Handler                      0x00003809   Thumb Code    28  wtimer0a.o(.text.WideTimer0A_Handler)
    Worst_Heap_Calloc                        0x00003825   Thumb Code    36  heapworstfit.o(.text.Worst_Heap_Calloc)
    Worst_Heap_Free                          0x00003849   Thumb Code   442  heapworstfit.o(.text.Worst_Heap_Free)
    Worst_Heap_Init                          0x00003a05   Thumb Code    88  heapworstfit.o(.text.Worst_Heap_Init)
    Worst_Heap_Malloc                        0x00003a5d   Thumb Code   438  heapworstfit.o(.text.Worst_Heap_Malloc)
    Worst_Heap_Stats                         0x00003c15   Thumb Code    62  heapworstfit.o(.text.Worst_Heap_Stats)
    appendToList                             0x00003c55   Thumb Code    86  os.o(.text.appendToList)
    cutBlock                                 0x00003fa9   Thumb Code   330  heapknuth.o(.text.cutBlock)
    fillmessage                              0x000040f5   Thumb Code   112  st7735.o(.text.fillmessage)
    fputc                                    0x00004165   Thumb Code    50  os.o(.text.fputc)
    heapError                                0x00004199   Thumb Code    48  heaptester.o(.text.heapError)
    heapStats                                0x000041c9   Thumb Code   146  heaptester.o(.text.heapStats)
    initCPUUtilization                       0x0000425d   Thumb Code    90  os.o(.text.initCPUUtilization)
    initTCBs                                 0x000042b9   Thumb Code   252  os.o(.text.initTCBs)
    main                                     0x000043b5   Thumb Code   104  heaptester.o(.text.main)
    mergeBlock                               0x0000441d   Thumb Code   360  heapknuth.o(.text.mergeBlock)
    removeFromList                           0x000045a1   Thumb Code    74  os.o(.text.removeFromList)
    stressTestHeap                           0x00004681   Thumb Code   942  heaptester.o(.text.stressTestHeap)
    updateState                              0x00004a31   Thumb Code   138  os.o(.text.updateState)
    waitTenms                                0x00004abd   Thumb Code    14  os.o(.text.waitTenms)
    __0printf                                0x00004bcd   Thumb Code    22  printfa.o(i.__0printf)
    __1printf                                0x00004bcd   Thumb Code     0  printfa.o(i.__0printf)
    __2printf                                0x00004bcd   Thumb Code     0  printfa.o(i.__0printf)
    __c89printf                              0x00004bcd   Thumb Code     0  printfa.o(i.__0printf)
    printf                                   0x00004bcd   Thumb Code     0  printfa.o(i.__0printf)
    __0snprintf                              0x00004bed   Thumb Code    48  printfa.o(i.__0snprintf)
    __1snprintf                              0x00004bed   Thumb Code     0  printfa.o(i.__0snprintf)
    __2snprintf                              0x00004bed   Thumb Code     0  printfa.o(i.__0snprintf)
    __c89snprintf                            0x00004bed   Thumb Code     0  printfa.o(i.__0snprintf)
    snprintf                                 0x00004bed   Thumb Code     0  printfa.o(i.__0snprintf)
    __scatterload_copy                       0x00004c21   Thumb Code    14  handlers.o(i.__scatterload_copy)
    __scatterload_null                       0x00004c2f   Thumb Code     2  handlers.o(i.__scatterload_null)
    __scatterload_zeroinit                   0x00004c31   Thumb Code    14  handlers.o(i.__scatterload_zeroinit)
    Region$$Table$$Base                      0x00005d0c   Number         0  anon$$obj.o(Region$$Table)
    Region$$Table$$Limit                     0x00005d2c   Number         0  anon$$obj.o(Region$$Table)
    __stdout                                 0x20000004   Data           4  stdout.o(.data)
    StTextColor                              0x20000008   Data           2  st7735.o(.data.StTextColor)
    HeapType                                 0x20000014   Data           4  heap.o(.bss.HeapType)
    IdleCount                                0x20000018   Data           4  heaptester.o(.bss.IdleCount)
    IdleCountRef                             0x2000001c   Data           4  os.o(.bss.IdleCountRef)
    IdleTime                                 0x20000020   Data           1  os.o(.bss.IdleTime)
    LCDFree                                  0x20000024   Data           8  st7735.o(.bss.LCDFree)
    Message                                  0x2000002c   Data          12  st7735.o(.bss.Message)
    Messageindex                             0x20000038   Data           4  st7735.o(.bss.Messageindex)
    NextPt                                   0x2000003c   Data           4  os.o(.bss.NextPt)
    NumCreated                               0x20000040   Data           4  heaptester.o(.bss.NumCreated)
    PCBs                                     0x20000044   Data          16  os.o(.bss.PCBs)
    PeriodicTask1                            0x20000054   Data           4  timer1a.o(.bss.PeriodicTask1)
    PeriodicTask2                            0x20000058   Data           4  timer2a.o(.bss.PeriodicTask2)
    PeriodicTask5                            0x2000005c   Data           4  timer5a.o(.bss.PeriodicTask5)
    Pri0                                     0x20000060   Data           4  os.o(.bss.Pri0)
    Pri1                                     0x20000064   Data           4  os.o(.bss.Pri1)
    Pri2                                     0x20000068   Data           4  os.o(.bss.Pri2)
    Pri3                                     0x2000006c   Data           4  os.o(.bss.Pri3)
    Pri4                                     0x20000070   Data           4  os.o(.bss.Pri4)
    Pri5                                     0x20000074   Data           4  os.o(.bss.Pri5)
    RunPt                                    0x2000007c   Data           4  os.o(.bss.RunPt)
    RxGetI                                   0x20000480   Data           4  fifosimple.o(.bss.RxGetI)
    RxPutI                                   0x20000484   Data           4  fifosimple.o(.bss.RxPutI)
    SW1Task                                  0x20000488   Data           4  os.o(.bss.SW1Task)
    SW2Task                                  0x2000048c   Data           4  os.o(.bss.SW2Task)
    SleepList                                0x20000490   Data           4  os.o(.bss.SleepList)
    StX                                      0x20000494   Data           4  st7735.o(.bss.StX)
    StY                                      0x20000498   Data           4  st7735.o(.bss.StY)
    Stacks                                   0x2000049c   Data       10240  os.o(.bss.Stacks)
    StreamToDevice                           0x20002c9c   Data           4  os.o(.bss.StreamToDevice)
    SystickPeriod                            0x20002ca0   Data           4  os.o(.bss.SystickPeriod)
    TCBs                                     0x20002ca4   Data         180  os.o(.bss.TCBs)
    TxGetI                                   0x2000315c   Data           4  fifosimple.o(.bss.TxGetI)
    TxPutI                                   0x20003160   Data           4  fifosimple.o(.bss.TxPutI)
    UARTDataAvailable                        0x20003164   Data           8  uart0int.o(.bss.UARTDataAvailable)
    WidePeriodicTask0                        0x2000316c   Data           4  wtimer0a.o(.bss.WidePeriodicTask0)
    best_HeapMutex                           0x20003170   Data           8  heapbestfit.o(.bss.best_HeapMutex)
    best_hStats                              0x20003178   Data          12  heapbestfit.o(.bss.best_hStats)
    best_heap                                0x20003184   Data        4096  heapbestfit.o(.bss.best_heap)
    best_init                                0x20004184   Data           4  heapbestfit.o(.bss.best_init)
    best_sectorsNeeded                       0x20004188   Data           4  heapbestfit.o(.bss.best_sectorsNeeded)
    bigBlock                                 0x2000418c   Data           4  heaptester.o(.bss.bigBlock)
    first_HeapMutex                          0x20004190   Data           8  heapfirstfit.o(.bss.first_HeapMutex)
    first_hStats                             0x20004198   Data          12  heapfirstfit.o(.bss.first_hStats)
    first_heap                               0x200041a4   Data        4096  heapfirstfit.o(.bss.first_heap)
    first_init                               0x200051a4   Data           4  heapfirstfit.o(.bss.first_init)
    first_sectorsNeeded                      0x200051a8   Data           4  heapfirstfit.o(.bss.first_sectorsNeeded)
    first_spaceLeft                          0x200051ac   Data           4  heapfirstfit.o(.bss.first_spaceLeft)
    knuth_HeapMutex                          0x200051b0   Data           8  heapknuth.o(.bss.knuth_HeapMutex)
    knuth_hStats                             0x200051b8   Data          12  heapknuth.o(.bss.knuth_hStats)
    knuth_heap                               0x200051c4   Data        4096  heapknuth.o(.bss.knuth_heap)
    knuth_init                               0x200061c4   Data           4  heapknuth.o(.bss.knuth_init)
    knuth_sectorsNeeded                      0x200061c8   Data           4  heapknuth.o(.bss.knuth_sectorsNeeded)
    maxBlockSize                             0x200061cc   Data           2  heaptester.o(.bss.maxBlockSize)
    msTime                                   0x200061d0   Data           4  os.o(.bss.msTime)
    numActive                                0x200061d4   Data           4  os.o(.bss.numActive)
    numProcesses                             0x200061d8   Data           1  os.o(.bss.numProcesses)
    numSleep                                 0x200061dc   Data           4  os.o(.bss.numSleep)
    numThreads                               0x200061e0   Data           1  os.o(.bss.numThreads)
    p1                                       0x200061e4   Data           4  heaptester.o(.bss.p1)
    p2                                       0x200061e8   Data           4  heaptester.o(.bss.p2)
    p3                                       0x200061ec   Data           4  heaptester.o(.bss.p3)
    ptr                                      0x200061f0   Data           4  heaptester.o(.bss.ptr)
    q1                                       0x200061f4   Data           4  heaptester.o(.bss.q1)
    q2                                       0x200061f8   Data           4  heaptester.o(.bss.q2)
    q3                                       0x200061fc   Data           4  heaptester.o(.bss.q3)
    q4                                       0x20006200   Data           4  heaptester.o(.bss.q4)
    q5                                       0x20006204   Data           4  heaptester.o(.bss.q5)
    q6                                       0x20006208   Data           4  heaptester.o(.bss.q6)
    stats                                    0x2000620c   Data          12  heaptester.o(.bss.stats)
    stressLock                               0x20006218   Data           4  heaptester.o(.bss.stressLock)
    testLock                                 0x2000621c   Data           4  heaptester.o(.bss.testLock)
    timeslice                                0x20006220   Data           4  os.o(.bss.timeslice)
    worst_HeapMutex                          0x20006224   Data           8  heapworstfit.o(.bss.worst_HeapMutex)
    worst_hStats                             0x2000622c   Data          12  heapworstfit.o(.bss.worst_hStats)
    worst_heap                               0x20006238   Data        4096  heapworstfit.o(.bss.worst_heap)
    worst_init                               0x20007238   Data           4  heapworstfit.o(.bss.worst_init)
    worst_sectorsNeeded                      0x2000723c   Data           4  heapworstfit.o(.bss.worst_sectorsNeeded)
    __initial_sp                             0x20007640   Data           0  startup.o(STACK)



==============================================================================

Memory Map of the image

  Image Entry point : 0x0000026d

  Load Region LR_1 (Base: 0x00000000, Size: 0x00005d3c, Max: 0xffffffff, ABSOLUTE)

    Execution Region ER_RO (Exec base: 0x00000000, Load base: 0x00000000, Size: 0x00005d2c, Max: 0xffffffff, ABSOLUTE)

    Exec Addr    Load Addr    Size         Type   Attr      Idx    E Section Name        Object

    0x00000000   0x00000000   0x00000284   Code   RO            3  * RESET               startup.o
    0x00000284   0x00000284   0x00000000   Code   RO          676  * .ARM.Collect$$$$00000000  mc_w.l(entry.o)
    0x00000284   0x00000284   0x00000004   Code   RO          718    .ARM.Collect$$$$00000001  mc_w.l(entry2.o)
    0x00000288   0x00000288   0x00000004   Code   RO          721    .ARM.Collect$$$$00000004  mc_w.l(entry5.o)
    0x0000028c   0x0000028c   0x00000000   Code   RO          723    .ARM.Collect$$$$00000008  mc_w.l(entry7b.o)
    0x0000028c   0x0000028c   0x00000000   Code   RO          725    .ARM.Collect$$$$0000000A  mc_w.l(entry8b.o)
    0x0000028c   0x0000028c   0x00000008   Code   RO          726    .ARM.Collect$$$$0000000B  mc_w.l(entry9a.o)
    0x00000294   0x00000294   0x00000000   Code   RO          728    .ARM.Collect$$$$0000000D  mc_w.l(entry10a.o)
    0x00000294   0x00000294   0x00000000   Code   RO          730    .ARM.Collect$$$$0000000F  mc_w.l(entry11a.o)
    0x00000294   0x00000294   0x00000004   Code   RO          719    .ARM.Collect$$$$00002712  mc_w.l(entry2.o)
    0x00000298   0x00000298   0x00000030   Code   RO            4    .text               startup.o
    0x000002c8   0x000002c8   0x00000120   Code   RO          355    .text               osasm.o
    0x000003e8   0x000003e8   0x00000024   Code   RO          679    .text               mc_w.l(rand.o)
    0x0000040c   0x0000040c   0x00000024   Code   RO          682    .text               mc_w.l(memcpya.o)
    0x00000430   0x00000430   0x00000024   Code   RO          684    .text               mc_w.l(memseta.o)
    0x00000454   0x00000454   0x0000002c   Code   RO          742    .text               mc_w.l(uidiv.o)
    0x00000480   0x00000480   0x00000062   Code   RO          744    .text               mc_w.l(uldiv.o)
    0x000004e2   0x000004e2   0x00000000   Code   RO          746    .text               mc_w.l(iusefp.o)
    0x000004e2   0x000004e2   0x0000014e   Code   RO          747    .text               mf_w.l(dadd.o)
    0x00000630   0x00000630   0x000000e4   Code   RO          749    .text               mf_w.l(dmul.o)
    0x00000714   0x00000714   0x000000de   Code   RO          751    .text               mf_w.l(ddiv.o)
    0x000007f2   0x000007f2   0x00000030   Code   RO          753    .text               mf_w.l(dfixul.o)
    0x00000822   0x00000822   0x00000002   PAD
    0x00000824   0x00000824   0x00000030   Code   RO          755    .text               mf_w.l(cdrcmple.o)
    0x00000854   0x00000854   0x00000030   Code   RO          757    .text               mc_w.l(init.o)
    0x00000884   0x00000884   0x0000001e   Code   RO          759    .text               mc_w.l(llshl.o)
    0x000008a2   0x000008a2   0x00000020   Code   RO          761    .text               mc_w.l(llushr.o)
    0x000008c2   0x000008c2   0x00000024   Code   RO          763    .text               mc_w.l(llsshr.o)
    0x000008e6   0x000008e6   0x000000ba   Code   RO          765    .text               mf_w.l(depilogue.o)
    0x000009a0   0x000009a0   0x00000024   Code   RO          439    .text.Best_Heap_Calloc  heapbestfit.o
    0x000009c4   0x000009c4   0x000001ba   Code   RO          443    .text.Best_Heap_Free  heapbestfit.o
    0x00000b7e   0x00000b7e   0x00000002   PAD
    0x00000b80   0x00000b80   0x00000058   Code   RO          435    .text.Best_Heap_Init  heapbestfit.o
    0x00000bd8   0x00000bd8   0x000001e0   Code   RO          437    .text.Best_Heap_Malloc  heapbestfit.o
    0x00000db8   0x00000db8   0x0000003e   Code   RO          445    .text.Best_Heap_Stats  heapbestfit.o
    0x00000df6   0x00000df6   0x00000002   PAD
    0x00000df8   0x00000df8   0x00000094   Code   RO          624    .text.CS_Init       edisk.o
    0x00000e8c   0x00000e8c   0x0000002e   Code   RO          189    .text.Delay1ms      st7735.o
    0x00000eba   0x00000eba   0x00000002   PAD
    0x00000ebc   0x00000ebc   0x00000024   Code   RO          465    .text.First_Heap_Calloc  heapfirstfit.o
    0x00000ee0   0x00000ee0   0x000001ba   Code   RO          469    .text.First_Heap_Free  heapfirstfit.o
    0x0000109a   0x0000109a   0x00000002   PAD
    0x0000109c   0x0000109c   0x00000058   Code   RO          461    .text.First_Heap_Init  heapfirstfit.o
    0x000010f4   0x000010f4   0x000001d8   Code   RO          463    .text.First_Heap_Malloc  heapfirstfit.o
    0x000012cc   0x000012cc   0x0000012c   Code   RO          467    .text.First_Heap_Realloc  heapfirstfit.o
    0x000013f8   0x000013f8   0x0000003e   Code   RO          471    .text.First_Heap_Stats  heapfirstfit.o
    0x00001436   0x00001436   0x00000002   PAD
    0x00001438   0x00001438   0x0000005a   Code   RO           96    .text.GPIOPortF_Handler  os.o
    0x00001492   0x00001492   0x00000002   PAD
    0x00001494   0x00001494   0x00000072   Code   RO           32    .text.GetPriPointer  os.o
    0x00001506   0x00001506   0x00000002   PAD
    0x00001508   0x00001508   0x00000058   Code   RO          377    .text.Heap_Calloc   heap.o
    0x00001560   0x00001560   0x00000058   Code   RO          381    .text.Heap_Free     heap.o
    0x000015b8   0x000015b8   0x00000054   Code   RO          373    .text.Heap_Init     heap.o
    0x0000160c   0x0000160c   0x00000058   Code   RO          375    .text.Heap_Malloc   heap.o
    0x00001664   0x00001664   0x0000005c   Code   RO          379    .text.Heap_Realloc  heap.o
    0x000016c0   0x000016c0   0x00000058   Code   RO          383    .text.Heap_Stats    heap.o
    0x00001718   0x00001718   0x00000034   Code   RO          545    .text.Idle          heaptester.o
    0x0000174c   0x0000174c   0x00000010   Code   RO           74    .text.IsInISR       os.o
    0x0000175c   0x0000175c   0x00000024   Code   RO          493    .text.Knuth_Heap_Calloc  heapknuth.o
    0x00001780   0x00001780   0x000000b8   Code   RO          497    .text.Knuth_Heap_Free  heapknuth.o
    0x00001838   0x00001838   0x00000058   Code   RO          487    .text.Knuth_Heap_Init  heapknuth.o
    0x00001890   0x00001890   0x00000120   Code   RO          491    .text.Knuth_Heap_Malloc  heapknuth.o
    0x000019b0   0x000019b0   0x0000003e   Code   RO          501    .text.Knuth_Heap_Stats  heapknuth.o
    0x000019ee   0x000019ee   0x00000002   PAD
    0x000019f0   0x000019f0   0x00000074   Code   RO           13    .text.LaunchPad_Init  launchpad.o
    0x00001a64   0x00001a64   0x0000011a   Code   RO           98    .text.OS_AddSW1Task  os.o
    0x00001b7e   0x00001b7e   0x00000002   PAD
    0x00001b80   0x00001b80   0x00000120   Code   RO          100    .text.OS_AddSW2Task  os.o
    0x00001ca0   0x00001ca0   0x00000236   Code   RO           80    .text.OS_AddThread  os.o
    0x00001ed6   0x00001ed6   0x00000002   PAD
    0x00001ed8   0x00001ed8   0x0000002a   Code   RO          120    .text.OS_ClearMsTime  os.o
    0x00001f02   0x00001f02   0x00000002   PAD
    0x00001f04   0x00001f04   0x0000002c   Code   RO           88    .text.OS_Id         os.o
    0x00001f30   0x00001f30   0x0000002e   Code   RO           62    .text.OS_Init       os.o
    0x00001f5e   0x00001f5e   0x00000002   PAD
    0x00001f60   0x00001f60   0x00000024   Code   RO           66    .text.OS_InitSemaphore  os.o
    0x00001f84   0x00001f84   0x0000009e   Code   RO           82    .text.OS_Kill       os.o
    0x00002022   0x00002022   0x00000002   PAD
    0x00002024   0x00002024   0x00000024   Code   RO          124    .text.OS_Launch     os.o
    0x00002048   0x00002048   0x0000000c   Code   RO          122    .text.OS_MsTime     os.o
    0x00002054   0x00002054   0x0000001a   Code   RO           64    .text.OS_MsTimerInit  os.o
    0x0000206e   0x0000206e   0x00000002   PAD
    0x00002070   0x00002070   0x0000007a   Code   RO          102    .text.OS_Sleep      os.o
    0x000020ea   0x000020ea   0x00000002   PAD
    0x000020ec   0x000020ec   0x00000008   Code   RO           70    .text.OS_Suspend    os.o
    0x000020f4   0x000020f4   0x0000000c   Code   RO           44    .text.OS_Time       os.o
    0x00002100   0x00002100   0x00000036   Code   RO           46    .text.OS_TimeDifference  os.o
    0x00002136   0x00002136   0x00000002   PAD
    0x00002138   0x00002138   0x00000010   Code   RO          118    .text.OS_Timer5A_Counter  os.o
    0x00002148   0x00002148   0x000000b2   Code   RO           78    .text.OS_bSignal    os.o
    0x000021fa   0x000021fa   0x00000002   PAD
    0x000021fc   0x000021fc   0x00000052   Code   RO           76    .text.OS_bWait      os.o
    0x0000224e   0x0000224e   0x00000002   PAD
    0x00002250   0x00002250   0x0000008a   Code   RO          616    .text.PLL_Init      pll.o
    0x000022da   0x000022da   0x00000002   PAD
    0x000022dc   0x000022dc   0x00000078   Code   RO          543    .text.PortD_Init    heaptester.o
    0x00002354   0x00002354   0x00000018   Code   RO          595    .text.RxFifo_Init   fifosimple.o
    0x0000236c   0x0000236c   0x00000056   Code   RO          597    .text.RxFifo_Put    fifosimple.o
    0x000023c2   0x000023c2   0x00000002   PAD
    0x000023c4   0x000023c4   0x00000018   Code   RO          601    .text.RxFifo_Size   fifosimple.o
    0x000023dc   0x000023dc   0x000001b6   Code   RO          229    .text.ST7735_DrawCharS  st7735.o
    0x00002592   0x00002592   0x00000002   PAD
    0x00002594   0x00002594   0x00000070   Code   RO          207    .text.ST7735_DrawPixel  st7735.o
    0x00002604   0x00002604   0x0000009a   Code   RO          233    .text.ST7735_DrawString  st7735.o
    0x0000269e   0x0000269e   0x00000002   PAD
    0x000026a0   0x000026a0   0x0000013e   Code   RO          217    .text.ST7735_FillRect  st7735.o
    0x000027de   0x000027de   0x00000002   PAD
    0x000027e0   0x000027e0   0x00000034   Code   RO          197    .text.ST7735_FillScreen  st7735.o
    0x00002814   0x00002814   0x000000b4   Code   RO          199    .text.ST7735_InitR  st7735.o
    0x000028c8   0x000028c8   0x00000042   Code   RO          249    .text.ST7735_Message  st7735.o
    0x0000290a   0x0000290a   0x00000002   PAD
    0x0000290c   0x0000290c   0x0000010e   Code   RO          245    .text.ST7735_OutChar  st7735.o
    0x00002a1a   0x00002a1a   0x00000002   PAD
    0x00002a1c   0x00002a1c   0x000000be   Code   RO          243    .text.ST7735_OutDec  st7735.o
    0x00002ada   0x00002ada   0x00000002   PAD
    0x00002adc   0x00002adc   0x00000024   Code   RO          251    .text.ST7735_OutString  st7735.o
    0x00002b00   0x00002b00   0x00000036   Code   RO          195    .text.ST7735_SetCursor  st7735.o
    0x00002b36   0x00002b36   0x00000002   PAD
    0x00002b38   0x00002b38   0x00000048   Code   RO          555    .text.SW1Push       heaptester.o
    0x00002b80   0x00002b80   0x00000048   Code   RO          557    .text.SW2Push       heaptester.o
    0x00002bc8   0x00002bc8   0x000000ce   Code   RO           48    .text.Scheduler     os.o
    0x00002c96   0x00002c96   0x00000002   PAD
    0x00002c98   0x00002c98   0x000000d4   Code   RO           50    .text.SysTick_Handler  os.o
    0x00002d6c   0x00002d6c   0x0000005c   Code   RO           56    .text.SysTick_Init  os.o
    0x00002dc8   0x00002dc8   0x00000668   Code   RO          551    .text.TestHeap      heaptester.o
    0x00003430   0x00003430   0x0000001c   Code   RO          395    .text.Timer1A_Handler  timer1a.o
    0x0000344c   0x0000344c   0x0000001c   Code   RO          409    .text.Timer2A_Handler  timer2a.o
    0x00003468   0x00003468   0x0000001c   Code   RO          423    .text.Timer5A_Handler  timer5a.o
    0x00003484   0x00003484   0x000000a0   Code   RO          421    .text.Timer5A_Init  timer5a.o
    0x00003524   0x00003524   0x0000001c   Code   RO          425    .text.Timer5A_Stop  timer5a.o
    0x00003540   0x00003540   0x00000052   Code   RO          591    .text.TxFifo_Get    fifosimple.o
    0x00003592   0x00003592   0x00000002   PAD
    0x00003594   0x00003594   0x00000018   Code   RO          587    .text.TxFifo_Init   fifosimple.o
    0x000035ac   0x000035ac   0x00000056   Code   RO          589    .text.TxFifo_Put    fifosimple.o
    0x00003602   0x00003602   0x00000002   PAD
    0x00003604   0x00003604   0x00000018   Code   RO          593    .text.TxFifo_Size   fifosimple.o
    0x0000361c   0x0000361c   0x000000b8   Code   RO          325    .text.UART0_Handler  uart0int.o
    0x000036d4   0x000036d4   0x000000f6   Code   RO          313    .text.UART_Init     uart0int.o
    0x000037ca   0x000037ca   0x00000002   PAD
    0x000037cc   0x000037cc   0x0000003c   Code   RO          319    .text.UART_OutChar  uart0int.o
    0x00003808   0x00003808   0x0000001c   Code   RO          361    .text.WideTimer0A_Handler  wtimer0a.o
    0x00003824   0x00003824   0x00000024   Code   RO          521    .text.Worst_Heap_Calloc  heapworstfit.o
    0x00003848   0x00003848   0x000001ba   Code   RO          525    .text.Worst_Heap_Free  heapworstfit.o
    0x00003a02   0x00003a02   0x00000002   PAD
    0x00003a04   0x00003a04   0x00000058   Code   RO          517    .text.Worst_Heap_Init  heapworstfit.o
    0x00003a5c   0x00003a5c   0x000001b6   Code   RO          519    .text.Worst_Heap_Malloc  heapworstfit.o
    0x00003c12   0x00003c12   0x00000002   PAD
    0x00003c14   0x00003c14   0x0000003e   Code   RO          527    .text.Worst_Heap_Stats  heapworstfit.o
    0x00003c52   0x00003c52   0x00000002   PAD
    0x00003c54   0x00003c54   0x00000056   Code   RO           36    .text.appendToList  os.o
    0x00003caa   0x00003caa   0x00000002   PAD
    0x00003cac   0x00003cac   0x000000aa   Code   RO          201    .text.commandList   st7735.o
    0x00003d56   0x00003d56   0x00000002   PAD
    0x00003d58   0x00003d58   0x000001a6   Code   RO          193    .text.commonInit    st7735.o
    0x00003efe   0x00003efe   0x00000002   PAD
    0x00003f00   0x00003f00   0x00000056   Code   RO          327    .text.copyHardwareToSoftware  uart0int.o
    0x00003f56   0x00003f56   0x00000002   PAD
    0x00003f58   0x00003f58   0x0000004e   Code   RO          321    .text.copySoftwareToHardware  uart0int.o
    0x00003fa6   0x00003fa6   0x00000002   PAD
    0x00003fa8   0x00003fa8   0x0000014a   Code   RO          489    .text.cutBlock      heapknuth.o
    0x000040f2   0x000040f2   0x00000002   PAD
    0x000040f4   0x000040f4   0x00000070   Code   RO          235    .text.fillmessage   st7735.o
    0x00004164   0x00004164   0x00000032   Code   RO          126    .text.fputc         os.o
    0x00004196   0x00004196   0x00000002   PAD
    0x00004198   0x00004198   0x00000030   Code   RO          547    .text.heapError     heaptester.o
    0x000041c8   0x000041c8   0x00000092   Code   RO          549    .text.heapStats     heaptester.o
    0x0000425a   0x0000425a   0x00000002   PAD
    0x0000425c   0x0000425c   0x0000005a   Code   RO           60    .text.initCPUUtilization  os.o
    0x000042b6   0x000042b6   0x00000002   PAD
    0x000042b8   0x000042b8   0x000000fc   Code   RO           34    .text.initTCBs      os.o
    0x000043b4   0x000043b4   0x00000068   Code   RO          559    .text.main          heaptester.o
    0x0000441c   0x0000441c   0x00000168   Code   RO          499    .text.mergeBlock    heapknuth.o
    0x00004584   0x00004584   0x0000001c   Code   RO          211    .text.pushColor     st7735.o
    0x000045a0   0x000045a0   0x0000004a   Code   RO           38    .text.removeFromList  os.o
    0x000045ea   0x000045ea   0x00000002   PAD
    0x000045ec   0x000045ec   0x00000094   Code   RO          209    .text.setAddrWindow  st7735.o
    0x00004680   0x00004680   0x000003ae   Code   RO          553    .text.stressTestHeap  heaptester.o
    0x00004a2e   0x00004a2e   0x00000002   PAD
    0x00004a30   0x00004a30   0x0000008a   Code   RO           40    .text.updateState   os.o
    0x00004aba   0x00004aba   0x00000002   PAD
    0x00004abc   0x00004abc   0x0000000e   Code   RO           58    .text.waitTenms     os.o
    0x00004aca   0x00004aca   0x00000002   PAD
    0x00004acc   0x00004acc   0x0000007e   Code   RO          203    .text.writecommand  st7735.o
    0x00004b4a   0x00004b4a   0x00000002   PAD
    0x00004b4c   0x00004b4c   0x00000080   Code   RO          205    .text.writedata     st7735.o
    0x00004bcc   0x00004bcc   0x00000020   Code   RO          691    i.__0printf         mc_w.l(printfa.o)
    0x00004bec   0x00004bec   0x00000034   Code   RO          692    i.__0snprintf       mc_w.l(printfa.o)
    0x00004c20   0x00004c20   0x0000000e   Code   RO          769    i.__scatterload_copy  mc_w.l(handlers.o)
    0x00004c2e   0x00004c2e   0x00000002   Code   RO          770    i.__scatterload_null  mc_w.l(handlers.o)
    0x00004c30   0x00004c30   0x0000000e   Code   RO          771    i.__scatterload_zeroinit  mc_w.l(handlers.o)
    0x00004c3e   0x00004c3e   0x00000002   PAD
    0x00004c40   0x00004c40   0x00000184   Code   RO          698    i._fp_digits        mc_w.l(printfa.o)
    0x00004dc4   0x00004dc4   0x000006dc   Code   RO          699    i._printf_core      mc_w.l(printfa.o)
    0x000054a0   0x000054a0   0x00000024   Code   RO          700    i._printf_post_padding  mc_w.l(printfa.o)
    0x000054c4   0x000054c4   0x0000002e   Code   RO          701    i._printf_pre_padding  mc_w.l(printfa.o)
    0x000054f2   0x000054f2   0x00000016   Code   RO          702    i._snputc           mc_w.l(printfa.o)
    0x00005508   0x00005508   0x000004fb   Data   RO          295    .rodata.Font        st7735.o
    0x00005a03   0x00005a03   0x0000003b   Data   RO          284    .rodata.Rcmd1       st7735.o
    0x00005a3e   0x00005a3e   0x0000000d   Data   RO          285    .rodata.Rcmd2green  st7735.o
    0x00005a4b   0x00005a4b   0x0000000d   Data   RO          288    .rodata.Rcmd2red    st7735.o
    0x00005a58   0x00005a58   0x0000002b   Data   RO          289    .rodata.Rcmd3       st7735.o
    0x00005a83   0x00005a83   0x00000016   Data   RO          305    .rodata.str1.1      st7735.o
    0x00005a99   0x00005a99   0x00000273   Data   RO          562    .rodata.str1.1      heaptester.o
    0x00005d0c   0x00005d0c   0x00000020   Data   RO          768    Region$$Table       anon$$obj.o


    Execution Region ER_RW (Exec base: 0x20000000, Load base: 0x00005d2c, Size: 0x00000010, Max: 0xffffffff, ABSOLUTE)

    Exec Addr    Load Addr    Size         Type   Attr      Idx    E Section Name        Object

    0x20000000   0x00005d2c   0x00000004   Data   RW          680    .data               mc_w.l(rand.o)
    0x20000004   0x00005d30   0x00000004   Data   RW          732    .data               mc_w.l(stdout.o)
    0x20000008   0x00005d34   0x00000002   Data   RW          281    .data.StTextColor   st7735.o
    0x2000000a   0x00005d36   0x00000002   Data   RW          292    .data._height       st7735.o
    0x2000000c   0x00005d38   0x00000002   Data   RW          291    .data._width        st7735.o


    Execution Region ER_ZI (Exec base: 0x20000010, Load base: 0x00005d3c, Size: 0x00007630, Max: 0xffffffff, ABSOLUTE)

    Exec Addr    Load Addr    Size         Type   Attr      Idx    E Section Name        Object

    0x20000010        -       0x00000001   Zero   RW          286    .bss.ColStart       st7735.o
    0x20000011   0x00005d3c   0x00000003   PAD
    0x20000014        -       0x00000004   Zero   RW          385    .bss.HeapType       heap.o
    0x20000018        -       0x00000004   Zero   RW          561    .bss.IdleCount      heaptester.o
    0x2000001c        -       0x00000004   Zero   RW          159    .bss.IdleCountRef   os.o
    0x20000020        -       0x00000001   Zero   RW          158    .bss.IdleTime       os.o
    0x20000021   0x00005d3c   0x00000003   PAD
    0x20000024        -       0x00000008   Zero   RW          283    .bss.LCDFree        st7735.o
    0x2000002c        -       0x0000000c   Zero   RW          296    .bss.Message        st7735.o
    0x20000038        -       0x00000004   Zero   RW          297    .bss.Messageindex   st7735.o
    0x2000003c        -       0x00000004   Zero   RW          156    .bss.NextPt         os.o
    0x20000040        -       0x00000004   Zero   RW          578    .bss.NumCreated     heaptester.o
    0x20000044        -       0x00000010   Zero   RW          147    .bss.PCBs           os.o
    0x20000054        -       0x00000004   Zero   RW          399    .bss.PeriodicTask1  timer1a.o
    0x20000058        -       0x00000004   Zero   RW          413    .bss.PeriodicTask2  timer2a.o
    0x2000005c        -       0x00000004   Zero   RW          427    .bss.PeriodicTask5  timer5a.o
    0x20000060        -       0x00000004   Zero   RW          134    .bss.Pri0           os.o
    0x20000064        -       0x00000004   Zero   RW          135    .bss.Pri1           os.o
    0x20000068        -       0x00000004   Zero   RW          136    .bss.Pri2           os.o
    0x2000006c        -       0x00000004   Zero   RW          137    .bss.Pri3           os.o
    0x20000070        -       0x00000004   Zero   RW          138    .bss.Pri4           os.o
    0x20000074        -       0x00000004   Zero   RW          139    .bss.Pri5           os.o
    0x20000078        -       0x00000001   Zero   RW          287    .bss.RowStart       st7735.o
    0x20000079   0x00005d3c   0x00000003   PAD
    0x2000007c        -       0x00000004   Zero   RW          140    .bss.RunPt          os.o
    0x20000080        -       0x00000400   Zero   RW          608    .bss.RxFifo         fifosimple.o
    0x20000480        -       0x00000004   Zero   RW          606    .bss.RxGetI         fifosimple.o
    0x20000484        -       0x00000004   Zero   RW          607    .bss.RxPutI         fifosimple.o
    0x20000488        -       0x00000004   Zero   RW          168    .bss.SW1Task        os.o
    0x2000048c        -       0x00000004   Zero   RW          169    .bss.SW2Task        os.o
    0x20000490        -       0x00000004   Zero   RW          141    .bss.SleepList      os.o
    0x20000494        -       0x00000004   Zero   RW          279    .bss.StX            st7735.o
    0x20000498        -       0x00000004   Zero   RW          280    .bss.StY            st7735.o
    0x2000049c        -       0x00002800   Zero   RW          160    .bss.Stacks         os.o
    0x20002c9c        -       0x00000004   Zero   RW          179    .bss.StreamToDevice  os.o
    0x20002ca0        -       0x00000004   Zero   RW          157    .bss.SystickPeriod  os.o
    0x20002ca4        -       0x000000b4   Zero   RW          146    .bss.TCBs           os.o
    0x20002d58        -       0x00000001   Zero   RW          290    .bss.TabColor       st7735.o
    0x20002d59        -       0x00000400   Zero   RW          605    .bss.TxFifo         fifosimple.o
    0x20003159   0x00005d3c   0x00000003   PAD
    0x2000315c        -       0x00000004   Zero   RW          603    .bss.TxGetI         fifosimple.o
    0x20003160        -       0x00000004   Zero   RW          604    .bss.TxPutI         fifosimple.o
    0x20003164        -       0x00000008   Zero   RW          347    .bss.UARTDataAvailable  uart0int.o
    0x2000316c        -       0x00000004   Zero   RW          365    .bss.WidePeriodicTask0  wtimer0a.o
    0x20003170        -       0x00000008   Zero   RW          450    .bss.best_HeapMutex  heapbestfit.o
    0x20003178        -       0x0000000c   Zero   RW          448    .bss.best_hStats    heapbestfit.o
    0x20003184        -       0x00001000   Zero   RW          449    .bss.best_heap      heapbestfit.o
    0x20004184        -       0x00000004   Zero   RW          447    .bss.best_init      heapbestfit.o
    0x20004188        -       0x00000004   Zero   RW          451    .bss.best_sectorsNeeded  heapbestfit.o
    0x2000418c        -       0x00000004   Zero   RW          576    .bss.bigBlock       heaptester.o
    0x20004190        -       0x00000008   Zero   RW          476    .bss.first_HeapMutex  heapfirstfit.o
    0x20004198        -       0x0000000c   Zero   RW          474    .bss.first_hStats   heapfirstfit.o
    0x200041a4        -       0x00001000   Zero   RW          475    .bss.first_heap     heapfirstfit.o
    0x200051a4        -       0x00000004   Zero   RW          473    .bss.first_init     heapfirstfit.o
    0x200051a8        -       0x00000004   Zero   RW          477    .bss.first_sectorsNeeded  heapfirstfit.o
    0x200051ac        -       0x00000004   Zero   RW          478    .bss.first_spaceLeft  heapfirstfit.o
    0x200051b0        -       0x00000008   Zero   RW          506    .bss.knuth_HeapMutex  heapknuth.o
    0x200051b8        -       0x0000000c   Zero   RW          504    .bss.knuth_hStats   heapknuth.o
    0x200051c4        -       0x00001000   Zero   RW          505    .bss.knuth_heap     heapknuth.o
    0x200061c4        -       0x00000004   Zero   RW          503    .bss.knuth_init     heapknuth.o
    0x200061c8        -       0x00000004   Zero   RW          507    .bss.knuth_sectorsNeeded  heapknuth.o
    0x200061cc        -       0x00000002   Zero   RW          575    .bss.maxBlockSize   heaptester.o
    0x200061ce   0x00005d3c   0x00000002   PAD
    0x200061d0        -       0x00000004   Zero   RW          178    .bss.msTime         os.o
    0x200061d4        -       0x00000004   Zero   RW          144    .bss.numActive      os.o
    0x200061d8        -       0x00000001   Zero   RW          142    .bss.numProcesses   os.o
    0x200061d9   0x00005d3c   0x00000003   PAD
    0x200061dc        -       0x00000004   Zero   RW          145    .bss.numSleep       os.o
    0x200061e0        -       0x00000001   Zero   RW          143    .bss.numThreads     os.o
    0x200061e1   0x00005d3c   0x00000003   PAD
    0x200061e4        -       0x00000004   Zero   RW          566    .bss.p1             heaptester.o
    0x200061e8        -       0x00000004   Zero   RW          567    .bss.p2             heaptester.o
    0x200061ec        -       0x00000004   Zero   RW          568    .bss.p3             heaptester.o
    0x200061f0        -       0x00000004   Zero   RW          565    .bss.ptr            heaptester.o
    0x200061f4        -       0x00000004   Zero   RW          569    .bss.q1             heaptester.o
    0x200061f8        -       0x00000004   Zero   RW          570    .bss.q2             heaptester.o
    0x200061fc        -       0x00000004   Zero   RW          571    .bss.q3             heaptester.o
    0x20006200        -       0x00000004   Zero   RW          572    .bss.q4             heaptester.o
    0x20006204        -       0x00000004   Zero   RW          573    .bss.q5             heaptester.o
    0x20006208        -       0x00000004   Zero   RW          574    .bss.q6             heaptester.o
    0x2000620c        -       0x0000000c   Zero   RW          563    .bss.stats          heaptester.o
    0x20006218        -       0x00000004   Zero   RW          577    .bss.stressLock     heaptester.o
    0x2000621c        -       0x00000004   Zero   RW          564    .bss.testLock       heaptester.o
    0x20006220        -       0x00000004   Zero   RW          170    .bss.timeslice      os.o
    0x20006224        -       0x00000008   Zero   RW          532    .bss.worst_HeapMutex  heapworstfit.o
    0x2000622c        -       0x0000000c   Zero   RW          530    .bss.worst_hStats   heapworstfit.o
    0x20006238        -       0x00001000   Zero   RW          531    .bss.worst_heap     heapworstfit.o
    0x20007238        -       0x00000004   Zero   RW          529    .bss.worst_init     heapworstfit.o
    0x2000723c        -       0x00000004   Zero   RW          533    .bss.worst_sectorsNeeded  heapworstfit.o
    0x20007240        -       0x00000400   Zero   RW            1    STACK               startup.o


==============================================================================

Image component sizes


      Code (inc. data)   RO Data    RW Data    ZI Data      Debug   Object Name

       148          0          0          0          0       6560   edisk.o
       350          0          0          0       2064       1860   fifosimple.o
       528         24          0          0          4       1824   heap.o
      1108          0          0          0       4124       3576   heapbestfit.o
      1400          0          0          0       4128       3405   heapfirstfit.o
      1348          0          0          0       4124       4105   heapknuth.o
      3196          4        627          0         74       5609   heaptester.o
      1066          0          0          0       4124       3569   heapworstfit.o
       116          0          0          0          0       1463   launchpad.o
      3442          6          0          0      10511      13141   os.o
       288         20          0          0          0        368   osasm.o
       138          0          0          0          0        603   pll.o
      3050          0       1425          6         35      13573   st7735.o
       692        622          0          0       1024       1016   startup.o
        28          0          0          0          4        929   timer1a.o
        28          0          0          0          4        929   timer2a.o
       216          0          0          0          4        929   timer5a.o
       654          0          0          0          8       4917   uart0int.o
        28          0          0          0          4        945   wtimer0a.o

    ----------------------------------------------------------------------
     17920        676       2084          8      30256      69321   Object Totals
         0          0         32          0          0          0   (incl. Generated)
        96          0          0          2         20          0   (incl. Padding)

    ----------------------------------------------------------------------

      Code (inc. data)   RO Data    RW Data    ZI Data      Debug   Library Member Name

         0          0          0          0          0          0   entry.o
         0          0          0          0          0          0   entry10a.o
         0          0          0          0          0          0   entry11a.o
         8          4          0          0          0          0   entry2.o
         4          0          0          0          0          0   entry5.o
         0          0          0          0          0          0   entry7b.o
         0          0          0          0          0          0   entry8b.o
         8          4          0          0          0          0   entry9a.o
        30          0          0          0          0          0   handlers.o
        48         10          0          0          0         68   init.o
         0          0          0          0          0          0   iusefp.o
        30          0          0          0          0         68   llshl.o
        36          0          0          0          0         68   llsshr.o
        32          0          0          0          0         68   llushr.o
        36          0          0          0          0         68   memcpya.o
        36          0          0          0          0        108   memseta.o
      2332         94          0          0          0        608   printfa.o
        36         10          0          4          0        136   rand.o
         0          0          0          4          0          0   stdout.o
        44          0          0          0          0         80   uidiv.o
        98          0          0          0          0         92   uldiv.o
        48          0          0          0          0         68   cdrcmple.o
       334          0          0          0          0        148   dadd.o
       222          0          0          0          0        100   ddiv.o
       186          0          0          0          0        176   depilogue.o
        48          0          0          0          0         68   dfixul.o
       228          0          0          0          0         96   dmul.o

    ----------------------------------------------------------------------
      3848        122          0          8          0       2020   Library Totals
         4          0          0          0          0          0   (incl. Padding)

    ----------------------------------------------------------------------

      Code (inc. data)   RO Data    RW Data    ZI Data      Debug   Library Name

      2778        122          0          8          0       1364   mc_w.l
      1066          0          0          0          0        656   mf_w.l

    ----------------------------------------------------------------------
      3848        122          0          8          0       2020   Library Totals

    ----------------------------------------------------------------------

==============================================================================


      Code (inc. data)   RO Data    RW Data    ZI Data      Debug   

     21768        798       2084         16      30256      70185   Grand Totals
     21768        798       2084         16      30256      70185   ELF Image Totals
     21768        798       2084         16          0          0   ROM Totals

==============================================================================

    Total RO  Size (Code + RO Data)                23852 (  23.29kB)
    Total RW  Size (RW Data + ZI Data)             30272 (  29.56kB)
    Total ROM Size (Code + RO Data + RW Data)      23868 (  23.31kB)

==============================================================================

