<html>
<body>
<pre>
<h1>µVision Build Log</h1>
<h2>Tool Versions:</h2>
IDE-Version: µVision V5.39.0.0
Copyright (C) 2023 ARM Ltd and ARM Germany GmbH. All rights reserved.
License Information: Alexander Prucka, University of Texas at Austin, LIC=42BNI-C4SCY-RZ8WY-W1XW4-BNK06-D4AQG
 
Tool Versions:
Toolchain:       MDK-ARM Community  Version: 5.39.0.0
Toolchain Path:  C:\Keil_v5\ARM\ARMCLANG\Bin
C Compiler:      ArmClang.exe V6.21
Assembler:       Armasm.exe V6.21
Linker/Locator:  ArmLink.exe V6.21
Library Manager: ArmAr.exe V6.21
Hex Converter:   FromElf.exe V6.21
CPU DLL:         SARMCM3.DLL V5.39.0.0
Dialog DLL:      DCM.DLL V1.17.5.0
Target DLL:      lmidk-agdi.dll V???
Dialog DLL:      TCM.DLL V1.56.4.0
 
<h2>Project:</h2>
C:\Users\awp\OneDrive\Documents\UTexas\RTOS\Final Project\HeapTesterMain\HeapTester.uvprojx
Project File Date:  04/20/2024

<h2>Output:</h2>
*** Using Compiler 'V6.21', folder: 'C:\Keil_v5\ARM\ARMCLANG\Bin'
Rebuild target 'HeapTester'
assembling startup.s...
compiling OS.c...
compiling heapfirstfit.c...
compiling LaunchPad.c...
compiling UART0int.c...
compiling Timer5A.c...
assembling osasm.s...
compiling HeapTester.c...
compiling Timer2A.c...
compiling Timer1A.c...
compiling WTimer0A.c...
compiling FIFOsimple.c...
compiling heap.c...
compiling heapbestfit.c...
compiling heapworstfit.c...
compiling ST7735.c...
compiling heapknuth.c...
compiling PLL.c...
compiling eDisk.c...
linking...
Program Size: Code=21768 RO-data=2084 RW-data=16 ZI-data=30256  
".\HeapTester.axf" - 0 Error(s), 0 Warning(s).

<h2>Software Packages used:</h2>

Package Vendor: Keil
                http://www.keil.com/pack/Keil.TM4C_DFP.1.1.0.pack
                Keil::TM4C_DFP@1.1.0
                Texas Instruments Tiva C Series Device Support and Examples

<h2>Collection of Component include folders:</h2>
  C:/Users/awp/AppData/Local/Arm/Packs/Keil/TM4C_DFP/1.1.0/Device/Include/TM4C123

<h2>Collection of Component Files used:</h2>
Build Time Elapsed:  00:00:01
</pre>
</body>
</html>
